Archive member included to satisfy reference by file (symbol)

.\CortexM3\ARM_GCC_541\Debug\design1.a(CyLib.o)
                              .\CortexM3\ARM_GCC_541\Debug\Cm3Start.o (CyHalt)
.\CortexM3\ARM_GCC_541\Debug\design1.a(cyPm.o)
                              .\CortexM3\ARM_GCC_541\Debug\design1.a(CyLib.o) (CyPmReadStatus)
.\CortexM3\ARM_GCC_541\Debug\design1.a(LED2.o)
                              .\CortexM3\ARM_GCC_541\Debug\main.o (LED2_Write)
.\CortexM3\ARM_GCC_541\Debug\design1.a(LED1.o)
                              .\CortexM3\ARM_GCC_541\Debug\main.o (LED1_Write)
.\CortexM3\ARM_GCC_541\Debug\design1.a(LED4.o)
                              .\CortexM3\ARM_GCC_541\Debug\main.o (LED4_Write)
.\CortexM3\ARM_GCC_541\Debug\design1.a(LCD_Char.o)
                              .\CortexM3\ARM_GCC_541\Debug\main.o (LCD_Char_PrintString)
.\CortexM3\ARM_GCC_541\Debug\design1.a(ROW0.o)
                              .\CortexM3\ARM_GCC_541\Debug\keypad.o (ROW0_Read)
.\CortexM3\ARM_GCC_541\Debug\design1.a(ROW3.o)
                              .\CortexM3\ARM_GCC_541\Debug\keypad.o (ROW3_Read)
.\CortexM3\ARM_GCC_541\Debug\design1.a(ROW2.o)
                              .\CortexM3\ARM_GCC_541\Debug\keypad.o (ROW2_Read)
.\CortexM3\ARM_GCC_541\Debug\design1.a(ROW1.o)
                              .\CortexM3\ARM_GCC_541\Debug\keypad.o (ROW1_Read)
.\CortexM3\ARM_GCC_541\Debug\design1.a(COL3.o)
                              .\CortexM3\ARM_GCC_541\Debug\keypad.o (COL3_Write)
.\CortexM3\ARM_GCC_541\Debug\design1.a(COL2.o)
                              .\CortexM3\ARM_GCC_541\Debug\keypad.o (COL2_Write)
.\CortexM3\ARM_GCC_541\Debug\design1.a(COL1.o)
                              .\CortexM3\ARM_GCC_541\Debug\keypad.o (COL1_Write)
.\CortexM3\ARM_GCC_541\Debug\design1.a(ADC.o)
                              .\CortexM3\ARM_GCC_541\Debug\main.o (ADC_Start)
.\CortexM3\ARM_GCC_541\Debug\design1.a(ADC_INT.o)
                              .\CortexM3\ARM_GCC_541\Debug\design1.a(ADC.o) (ADC_ISR1)
.\CortexM3\ARM_GCC_541\Debug\design1.a(ADC_AMux.o)
                              .\CortexM3\ARM_GCC_541\Debug\design1.a(ADC.o) (ADC_AMux_Select)
.\CortexM3\ARM_GCC_541\Debug\design1.a(ADC_Ext_CP_Clk.o)
                              .\CortexM3\ARM_GCC_541\Debug\design1.a(ADC.o) (ADC_Ext_CP_Clk_SetModeRegister)
.\CortexM3\ARM_GCC_541\Debug\design1.a(ADC_theACLK.o)
                              .\CortexM3\ARM_GCC_541\Debug\design1.a(ADC.o) (ADC_theACLK_SetModeRegister)
.\CortexM3\ARM_GCC_541\Debug\design1.a(Timer.o)
                              .\CortexM3\ARM_GCC_541\Debug\main.o (Timer_Stop)
.\CortexM3\ARM_GCC_541\Debug\design1.a(LED3.o)
                              .\CortexM3\ARM_GCC_541\Debug\main.o (LED3_Write)
.\CortexM3\ARM_GCC_541\Debug\design1.a(UART.o)
                              .\CortexM3\ARM_GCC_541\Debug\main.o (UART_Start)
.\CortexM3\ARM_GCC_541\Debug\design1.a(UART_IntClock.o)
                              .\CortexM3\ARM_GCC_541\Debug\design1.a(UART.o) (UART_IntClock_Start)
.\CortexM3\ARM_GCC_541\Debug\design1.a(JUMP.o)
                              .\CortexM3\ARM_GCC_541\Debug\main.o (JUMP_WriteCompare)
.\CortexM3\ARM_GCC_541\Debug\design1.a(DUCK.o)
                              .\CortexM3\ARM_GCC_541\Debug\main.o (DUCK_WriteCompare)
.\CortexM3\ARM_GCC_541\Debug\design1.a(SW3.o)
                              .\CortexM3\ARM_GCC_541\Debug\main.o (SW3_Read)
.\CortexM3\ARM_GCC_541\Debug\design1.a(isr_1.o)
                              .\CortexM3\ARM_GCC_541\Debug\main.o (isr_1_StartEx)
.\CortexM3\ARM_GCC_541\Debug\design1.a(AMUX.o)
                              .\CortexM3\ARM_GCC_541\Debug\main.o (AMUX_Start)
.\CortexM3\ARM_GCC_541\Debug\design1.a(isr_RX.o)
                              .\CortexM3\ARM_GCC_541\Debug\main.o (isr_RX_StartEx)
.\CortexM3\ARM_GCC_541\Debug\design1.a(isr_sw3.o)
                              .\CortexM3\ARM_GCC_541\Debug\main.o (isr_sw3_StartEx)
.\CortexM3\ARM_GCC_541\Debug\design1.a(isr_sw1.o)
                              .\CortexM3\ARM_GCC_541\Debug\main.o (isr_sw1_StartEx)
.\CortexM3\ARM_GCC_541\Debug\design1.a(isr_sw2.o)
                              .\CortexM3\ARM_GCC_541\Debug\main.o (isr_sw2_StartEx)
.\CortexM3\ARM_GCC_541\Debug\design1.a(VDAC.o)
                              .\CortexM3\ARM_GCC_541\Debug\main.o (VDAC_SetValue)
.\CortexM3\ARM_GCC_541\Debug\design1.a(Timer_audio.o)
                              .\CortexM3\ARM_GCC_541\Debug\main.o (Timer_audio_ReadStatusRegister)
.\CortexM3\ARM_GCC_541\Debug\design1.a(CyBootAsmGnu.o)
                              .\CortexM3\ARM_GCC_541\Debug\cyfitter_cfg.o (CyDelayCycles)
.\CortexM3\ARM_GCC_541\Debug\design1.a(CyFlash.o)
                              .\CortexM3\ARM_GCC_541\Debug\design1.a(cyPm.o) (CyFlash_SetWaitCycles)
.\CortexM3\ARM_GCC_541\Debug\design1.a(CySpc.o)
                              .\CortexM3\ARM_GCC_541\Debug\design1.a(CyFlash.o) (CySpcStart)
[...]
Memory Configuration

Name             Origin             Length             Attributes
rom              0x00000000         0x00040000         xr
ram              0x1fff8000         0x00010000         xrw
*default*        0x00000000         0xffffffff

Linker script and memory map

LOAD c:/program files (x86)/cypress/psoc creator/4.4/psoc creator/import/gnu/arm/5.4.1/bin/../lib/gcc/arm-none-eabi/5.4.1/armv7-m/crti.o
LOAD c:/program files (x86)/cypress/psoc creator/4.4/psoc creator/import/gnu/arm/5.4.1/bin/../lib/gcc/arm-none-eabi/5.4.1/armv7-m/crtbegin.o
LOAD c:/program files (x86)/cypress/psoc creator/4.4/psoc creator/import/gnu/arm/5.4.1/bin/../lib/gcc/arm-none-eabi/5.4.1/../../../../arm-none-eabi/lib/armv7-m/crt0.o
START GROUP
LOAD .\CortexM3\ARM_GCC_541\Debug\keypad.o
LOAD .\CortexM3\ARM_GCC_541\Debug\main.o
LOAD .\CortexM3\ARM_GCC_541\Debug\cyfitter_cfg.o
LOAD .\CortexM3\ARM_GCC_541\Debug\cymetadata.o
LOAD .\CortexM3\ARM_GCC_541\Debug\Cm3Start.o
LOAD .\CortexM3\ARM_GCC_541\Debug\design1.a
LOAD C:\Program Files (x86)\Cypress\PSoC Creator\4.4\PSoC Creator\psoc\content\cycomponentlibrary\CyComponentLibrary.cylib\CortexM3\ARM_GCC_541\Debug\CyComponentLibrary.a
LOAD c:/program files (x86)/cypress/psoc creator/4.4/psoc creator/import/gnu/arm/5.4.1/bin/../lib/gcc/arm-none-eabi/5.4.1/../../../../arm-none-eabi/lib/armv7-m\libm.a
END GROUP
START GROUP
LOAD c:/program files (x86)/cypress/psoc creator/4.4/psoc creator/import/gnu/arm/5.4.1/bin/../lib/gcc/arm-none-eabi/5.4.1/armv7-m\libgcc.a
LOAD c:/program files (x86)/cypress/psoc creator/4.4/psoc creator/import/gnu/arm/5.4.1/bin/../lib/gcc/arm-none-eabi/5.4.1/../../../../arm-none-eabi/lib/armv7-m\libg_nano.a
LOAD c:/program files (x86)/cypress/psoc creator/4.4/psoc creator/import/gnu/arm/5.4.1/bin/../lib/gcc/arm-none-eabi/5.4.1/../../../../arm-none-eabi/lib/armv7-m\libc_nano.a
END GROUP
START GROUP
LOAD c:/program files (x86)/cypress/psoc creator/4.4/psoc creator/import/gnu/arm/5.4.1/bin/../lib/gcc/arm-none-eabi/5.4.1/armv7-m\libgcc.a
LOAD c:/program files (x86)/cypress/psoc creator/4.4/psoc creator/import/gnu/arm/5.4.1/bin/../lib/gcc/arm-none-eabi/5.4.1/../../../../arm-none-eabi/lib/armv7-m\libc_nano.a
END GROUP
LOAD c:/program files (x86)/cypress/psoc creator/4.4/psoc creator/import/gnu/arm/5.4.1/bin/../lib/gcc/arm-none-eabi/5.4.1/armv7-m/crtend.o
LOAD c:/program files (x86)/cypress/psoc creator/4.4/psoc creator/import/gnu/arm/5.4.1/bin/../lib/gcc/arm-none-eabi/5.4.1/armv7-m/crtn.o
START GROUP
LOAD c:/program files (x86)/cypress/psoc creator/4.4/psoc creator/import/gnu/arm/5.4.1/bin/../lib/gcc/arm-none-eabi/5.4.1/armv7-m\libgcc.a
LOAD c:/program files (x86)/cypress/psoc creator/4.4/psoc creator/import/gnu/arm/5.4.1/bin/../lib/gcc/arm-none-eabi/5.4.1/../../../../arm-none-eabi/lib/armv7-m\libc.a
LOAD c:/program files (x86)/cypress/psoc creator/4.4/psoc creator/import/gnu/arm/5.4.1/bin/../lib/gcc/arm-none-eabi/5.4.1/../../../../arm-none-eabi/lib/armv7-m\libnosys.a
END GROUP
                0x00000000                CY_APPL_ORIGIN = 0x0
                0x00000100                CY_FLASH_ROW_SIZE = 0x100
                0x00000020                CY_ECC_ROW_SIZE = 0x20
                0x00000000                CY_EE_IN_BTLDR = 0x0
                0x00000000                CY_APPL_LOADABLE = 0x0
                0x00000800                CY_EE_SIZE = 0x800
                0x00000001                CY_APPL_NUM = 0x1
                0x00000001                CY_APPL_MAX = 0x1
                0x00000040                CY_METADATA_SIZE = 0x40
                0x00000000                CY_APPL_LOADABLE = 0x0
                0x00000000                CY_CHECKSUM_EXCLUDE_SIZE = ALIGN (0x0, CY_FLASH_ROW_SIZE)
                [!provide]                PROVIDE (__cy_heap_start, _end)
                0x00000001                PROVIDE (__cy_region_num, ((__cy_regions_end - __cy_regions) / 0x10))
                0x20008000                PROVIDE (__cy_stack, (ORIGIN (ram) + LENGTH (ram)))
                [!provide]                PROVIDE (__cy_heap_end, (__cy_stack - 0x800))

.cybootloader   0x00000000        0x0
 *(.cybootloader)
                0x00000000                appl1_start = CY_APPL_ORIGIN?CY_APPL_ORIGIN:ALIGN (CY_FLASH_ROW_SIZE)
                0x0001ff00                appl2_start = (appl1_start + ALIGN ((((LENGTH (rom) - appl1_start) - (0x2 * CY_FLASH_ROW_SIZE)) / 0x2), CY_FLASH_ROW_SIZE))
                0x00000000                appl_start = (CY_APPL_NUM == 0x1)?appl1_start:appl2_start
                0x00000000                ecc_offset = ((appl_start / CY_FLASH_ROW_SIZE) * CY_ECC_ROW_SIZE)
                0x00000000                ee_offset = (CY_APPL_LOADABLE && ! (CY_EE_IN_BTLDR))?((CY_EE_SIZE / CY_APPL_MAX) * (CY_APPL_NUM - 0x1)):0x0
                0x00000800                ee_size = (CY_APPL_LOADABLE && ! (CY_EE_IN_BTLDR))?(CY_EE_SIZE / CY_APPL_MAX):CY_EE_SIZE
                [!provide]                PROVIDE (CY_ECC_OFFSET, ecc_offset)

.text           0x00000000     0x3a3e
 CREATE_OBJECT_SYMBOLS
                0x00000000                PROVIDE (__cy_interrupt_vector, RomVectors)
 *(.romvectors)
 .romvectors    0x00000000       0x10 .\CortexM3\ARM_GCC_541\Debug\Cm3Start.o
                0x00000000                RomVectors
                0x00000001                ASSERT ((. != __cy_interrupt_vector), No interrupt vector)
                0x00000001                ASSERT (CY_APPL_ORIGIN?(SIZEOF (.cybootloader) <= CY_APPL_ORIGIN):0x1, Wrong image location)
                0x00000010                PROVIDE (__cy_reset, Reset)
 *(.text.Reset)
 .text.Reset    0x00000010       0x18 .\CortexM3\ARM_GCC_541\Debug\Cm3Start.o
                0x00000010                Reset
                0x00000001                ASSERT ((. != __cy_reset), No reset code)
 *(.dma_init)
                0x00000001                ASSERT ((((appl_start + .) <= 0x10000) || 0x1), DMA Init must be within the first 64k of flash)
 *(.text .text.* .gnu.linkonce.t.*)
 .text          0x00000028       0x5c c:/program files (x86)/cypress/psoc creator/4.4/psoc creator/import/gnu/arm/5.4.1/bin/../lib/gcc/arm-none-eabi/5.4.1/armv7-m/crtbegin.o
 .text.keypadInit
                0x00000084       0x18 .\CortexM3\ARM_GCC_541\Debug\keypad.o
                0x00000084                keypadInit
 .text.keypadScan
                0x0000009c       0xfc .\CortexM3\ARM_GCC_541\Debug\keypad.o
                0x0000009c                keypadScan
 .text.sw3      0x00000198       0x30 .\CortexM3\ARM_GCC_541\Debug\main.o
                0x00000198                sw3
 .text.MY_ISR   0x000001c8       0x20 .\CortexM3\ARM_GCC_541\Debug\main.o
                0x000001c8                MY_ISR
 .text.duck     0x000001e8       0xb8 .\CortexM3\ARM_GCC_541\Debug\main.o
                0x000001e8                duck
 .text.sw2      0x000002a0        0x8 .\CortexM3\ARM_GCC_541\Debug\main.o
                0x000002a0                sw2
 .text.jump     0x000002a8       0xb8 .\CortexM3\ARM_GCC_541\Debug\main.o
                0x000002a8                jump
 .text.sw1      0x00000360        0x8 .\CortexM3\ARM_GCC_541\Debug\main.o
                0x00000360                sw1
 .text.InterruptionRX
                0x00000368       0x34 .\CortexM3\ARM_GCC_541\Debug\main.o
                0x00000368                InterruptionRX
 *fill*         0x0000039c        0x4 
 .text.main     0x000003a0      0x11c .\CortexM3\ARM_GCC_541\Debug\main.o
                0x000003a0                main
 .text.CyClockStartupError
                0x000004bc        0x4 .\CortexM3\ARM_GCC_541\Debug\cyfitter_cfg.o
 .text.cfg_write_bytes32
                0x000004c0       0x34 .\CortexM3\ARM_GCC_541\Debug\cyfitter_cfg.o
 .text.AnalogSetDefault
                0x000004f4       0x40 .\CortexM3\ARM_GCC_541\Debug\cyfitter_cfg.o
 .text.CYMEMZERO
                0x00000534        0xc .\CortexM3\ARM_GCC_541\Debug\cyfitter_cfg.o
 .text.CYCONFIGCPY
                0x00000540        0x8 .\CortexM3\ARM_GCC_541\Debug\cyfitter_cfg.o
 .text.ClockSetup
                0x00000548      0x110 .\CortexM3\ARM_GCC_541\Debug\cyfitter_cfg.o
 .text.AMUX_Set
                0x00000658       0x34 .\CortexM3\ARM_GCC_541\Debug\cyfitter_cfg.o
                0x00000658                AMUX_Set
 .text.AMUX_Unset
                0x0000068c       0x38 .\CortexM3\ARM_GCC_541\Debug\cyfitter_cfg.o
                0x0000068c                AMUX_Unset
 .text.ADC_AMux_Set
                0x000006c4       0x1c .\CortexM3\ARM_GCC_541\Debug\cyfitter_cfg.o
                0x000006c4                ADC_AMux_Set
 .text.ADC_AMux_Unset
                0x000006e0       0x20 .\CortexM3\ARM_GCC_541\Debug\cyfitter_cfg.o
                0x000006e0                ADC_AMux_Unset
 .text.cyfitter_cfg
                0x00000700      0x144 .\CortexM3\ARM_GCC_541\Debug\cyfitter_cfg.o
                0x00000700                cyfitter_cfg
 .text.IntDefaultHandler
                0x00000844       0x10 .\CortexM3\ARM_GCC_541\Debug\Cm3Start.o
                0x00000844                IntDefaultHandler
 .text.Start_c  0x00000854       0x4c .\CortexM3\ARM_GCC_541\Debug\Cm3Start.o
                0x00000854                Start_c
 .text.initialize_psoc
                0x000008a0       0x68 .\CortexM3\ARM_GCC_541\Debug\Cm3Start.o
                0x000008a0                initialize_psoc
 .text.CyHalt   0x00000908        0x4 .\CortexM3\ARM_GCC_541\Debug\design1.a(CyLib.o)
                0x00000908                CyHalt
 .text.CyDelay  0x0000090c       0x2c .\CortexM3\ARM_GCC_541\Debug\design1.a(CyLib.o)
                0x0000090c                CyDelay
 .text.CyDelayUs
                0x00000938       0x14 .\CortexM3\ARM_GCC_541\Debug\design1.a(CyLib.o)
                0x00000938                CyDelayUs
 .text.CyIntSetVector
                0x0000094c       0x28 .\CortexM3\ARM_GCC_541\Debug\design1.a(CyLib.o)
                0x0000094c                CyIntSetVector
 .text.CyIntSetPriority
                0x00000974       0x30 .\CortexM3\ARM_GCC_541\Debug\design1.a(CyLib.o)
                0x00000974                CyIntSetPriority
 .text.LED2_Write
                0x000009a4       0x18 .\CortexM3\ARM_GCC_541\Debug\design1.a(LED2.o)
                0x000009a4                LED2_Write
 .text.LED1_Write
                0x000009bc       0x18 .\CortexM3\ARM_GCC_541\Debug\design1.a(LED1.o)
                0x000009bc                LED1_Write
 .text.LED4_Write
                0x000009d4       0x18 .\CortexM3\ARM_GCC_541\Debug\design1.a(LED4.o)
                0x000009d4                LED4_Write
 .text.LCD_Char_WrCntrlNib
                0x000009ec       0x34 .\CortexM3\ARM_GCC_541\Debug\design1.a(LCD_Char.o)
 .text.LCD_Char_WrDatNib
                0x00000a20       0x44 .\CortexM3\ARM_GCC_541\Debug\design1.a(LCD_Char.o)
 .text.LCD_Char_IsReady
                0x00000a64       0xe4 .\CortexM3\ARM_GCC_541\Debug\design1.a(LCD_Char.o)
                0x00000a64                LCD_Char_IsReady
 .text.LCD_Char_WriteData
                0x00000b48       0x18 .\CortexM3\ARM_GCC_541\Debug\design1.a(LCD_Char.o)
                0x00000b48                LCD_Char_WriteData
 .text.LCD_Char_PrintString
                0x00000b60       0x1c .\CortexM3\ARM_GCC_541\Debug\design1.a(LCD_Char.o)
                0x00000b60                LCD_Char_PrintString
 .text.LCD_Char_WriteControl
                0x00000b7c       0x18 .\CortexM3\ARM_GCC_541\Debug\design1.a(LCD_Char.o)
                0x00000b7c                LCD_Char_WriteControl
 .text.LCD_Char_Init
                0x00000b94       0x6c .\CortexM3\ARM_GCC_541\Debug\design1.a(LCD_Char.o)
                0x00000b94                LCD_Char_Init
 .text.LCD_Char_Enable
                0x00000c00       0x14 .\CortexM3\ARM_GCC_541\Debug\design1.a(LCD_Char.o)
                0x00000c00                LCD_Char_Enable
 .text.LCD_Char_Start
                0x00000c14       0x1c .\CortexM3\ARM_GCC_541\Debug\design1.a(LCD_Char.o)
                0x00000c14                LCD_Char_Start
 .text.LCD_Char_Position
                0x00000c30       0x3c .\CortexM3\ARM_GCC_541\Debug\design1.a(LCD_Char.o)
                0x00000c30                LCD_Char_Position
 .text.LCD_Char_PrintU32Number
                0x00000c6c       0x64 .\CortexM3\ARM_GCC_541\Debug\design1.a(LCD_Char.o)
                0x00000c6c                LCD_Char_PrintU32Number
 .text.ROW0_Read
                0x00000cd0       0x10 .\CortexM3\ARM_GCC_541\Debug\design1.a(ROW0.o)
                0x00000cd0                ROW0_Read
 .text.ROW3_Read
                0x00000ce0       0x10 .\CortexM3\ARM_GCC_541\Debug\design1.a(ROW3.o)
                0x00000ce0                ROW3_Read
 .text.ROW2_Read
                0x00000cf0        0xc .\CortexM3\ARM_GCC_541\Debug\design1.a(ROW2.o)
                0x00000cf0                ROW2_Read
 .text.ROW1_Read
                0x00000cfc       0x10 .\CortexM3\ARM_GCC_541\Debug\design1.a(ROW1.o)
                0x00000cfc                ROW1_Read
 .text.COL3_Write
                0x00000d0c       0x18 .\CortexM3\ARM_GCC_541\Debug\design1.a(COL3.o)
                0x00000d0c                COL3_Write
 .text.COL2_Write
                0x00000d24       0x18 .\CortexM3\ARM_GCC_541\Debug\design1.a(COL2.o)
                0x00000d24                COL2_Write
 .text.COL1_Write
                0x00000d3c       0x18 .\CortexM3\ARM_GCC_541\Debug\design1.a(COL1.o)
                0x00000d3c                COL1_Write
 .text.ADC_GainCompensation
                0x00000d54       0xe0 .\CortexM3\ARM_GCC_541\Debug\design1.a(ADC.o)
 .text.ADC_SetDSMRef0Reg
                0x00000e34       0x4c .\CortexM3\ARM_GCC_541\Debug\design1.a(ADC.o)
 .text.ADC_InitConfig
                0x00000e80      0x32c .\CortexM3\ARM_GCC_541\Debug\design1.a(ADC.o)
 .text.ADC_Init
                0x000011ac      0x108 .\CortexM3\ARM_GCC_541\Debug\design1.a(ADC.o)
                0x000011ac                ADC_Init
 .text.ADC_Enable
                0x000012b4       0xd8 .\CortexM3\ARM_GCC_541\Debug\design1.a(ADC.o)
                0x000012b4                ADC_Enable
 .text.ADC_Start
                0x0000138c       0x28 .\CortexM3\ARM_GCC_541\Debug\design1.a(ADC.o)
                0x0000138c                ADC_Start
 .text.ADC_StartConvert
                0x000013b4       0x10 .\CortexM3\ARM_GCC_541\Debug\design1.a(ADC.o)
                0x000013b4                ADC_StartConvert
 .text.ADC_IsEndConversion
                0x000013c4       0x30 .\CortexM3\ARM_GCC_541\Debug\design1.a(ADC.o)
                0x000013c4                ADC_IsEndConversion
 .text.ADC_GetResult32
                0x000013f4       0x6c .\CortexM3\ARM_GCC_541\Debug\design1.a(ADC.o)
                0x000013f4                ADC_GetResult32
 .text.ADC_CountsTo_mVolts
                0x00001460       0x24 .\CortexM3\ARM_GCC_541\Debug\design1.a(ADC.o)
                0x00001460                ADC_CountsTo_mVolts
 .text.ADC_ISR1
                0x00001484        0x4 .\CortexM3\ARM_GCC_541\Debug\design1.a(ADC_INT.o)
                0x00001484                ADC_ISR1
 .text.ADC_ISR2
                0x00001488        0x4 .\CortexM3\ARM_GCC_541\Debug\design1.a(ADC_INT.o)
                0x00001488                ADC_ISR2
 .text.ADC_ISR3
                0x0000148c        0x4 .\CortexM3\ARM_GCC_541\Debug\design1.a(ADC_INT.o)
                0x0000148c                ADC_ISR3
 .text.ADC_ISR4
                0x00001490        0x4 .\CortexM3\ARM_GCC_541\Debug\design1.a(ADC_INT.o)
                0x00001490                ADC_ISR4
 .text.ADC_AMux_Start
                0x00001494       0x20 .\CortexM3\ARM_GCC_541\Debug\design1.a(ADC_AMux.o)
                0x00001494                ADC_AMux_Start
 .text.ADC_AMux_Select
                0x000014b4       0x18 .\CortexM3\ARM_GCC_541\Debug\design1.a(ADC_AMux.o)
                0x000014b4                ADC_AMux_Select
 .text.ADC_Ext_CP_Clk_GetDividerRegister
                0x000014cc        0xc .\CortexM3\ARM_GCC_541\Debug\design1.a(ADC_Ext_CP_Clk.o)
                0x000014cc                ADC_Ext_CP_Clk_GetDividerRegister
 .text.ADC_Ext_CP_Clk_SetModeRegister
                0x000014d8       0x14 .\CortexM3\ARM_GCC_541\Debug\design1.a(ADC_Ext_CP_Clk.o)
                0x000014d8                ADC_Ext_CP_Clk_SetModeRegister
 .text.ADC_Ext_CP_Clk_GetSourceRegister
                0x000014ec       0x10 .\CortexM3\ARM_GCC_541\Debug\design1.a(ADC_Ext_CP_Clk.o)
                0x000014ec                ADC_Ext_CP_Clk_GetSourceRegister
 .text.ADC_Ext_CP_Clk_SetDividerRegister
                0x000014fc       0xd8 .\CortexM3\ARM_GCC_541\Debug\design1.a(ADC_Ext_CP_Clk.o)
                0x000014fc                ADC_Ext_CP_Clk_SetDividerRegister
 .text.ADC_theACLK_GetDividerRegister
                0x000015d4        0xc .\CortexM3\ARM_GCC_541\Debug\design1.a(ADC_theACLK.o)
                0x000015d4                ADC_theACLK_GetDividerRegister
 .text.ADC_theACLK_SetModeRegister
                0x000015e0       0x14 .\CortexM3\ARM_GCC_541\Debug\design1.a(ADC_theACLK.o)
                0x000015e0                ADC_theACLK_SetModeRegister
 .text.ADC_theACLK_GetSourceRegister
                0x000015f4       0x10 .\CortexM3\ARM_GCC_541\Debug\design1.a(ADC_theACLK.o)
                0x000015f4                ADC_theACLK_GetSourceRegister
 .text.ADC_theACLK_SetDividerRegister
                0x00001604       0xd8 .\CortexM3\ARM_GCC_541\Debug\design1.a(ADC_theACLK.o)
                0x00001604                ADC_theACLK_SetDividerRegister
 .text.Timer_Enable
                0x000016dc       0x10 .\CortexM3\ARM_GCC_541\Debug\design1.a(Timer.o)
                0x000016dc                Timer_Enable
 .text.Timer_Stop
                0x000016ec       0x10 .\CortexM3\ARM_GCC_541\Debug\design1.a(Timer.o)
                0x000016ec                Timer_Stop
 .text.Timer_SetInterruptMode
                0x000016fc        0xc .\CortexM3\ARM_GCC_541\Debug\design1.a(Timer.o)
                0x000016fc                Timer_SetInterruptMode
 .text.Timer_ReadStatusRegister
                0x00001708        0xc .\CortexM3\ARM_GCC_541\Debug\design1.a(Timer.o)
                0x00001708                Timer_ReadStatusRegister
 .text.Timer_WritePeriod
                0x00001714        0xc .\CortexM3\ARM_GCC_541\Debug\design1.a(Timer.o)
                0x00001714                Timer_WritePeriod
 .text.Timer_ReadCapture
                0x00001720        0xc .\CortexM3\ARM_GCC_541\Debug\design1.a(Timer.o)
                0x00001720                Timer_ReadCapture
 .text.Timer_WriteCounter
                0x0000172c        0xc .\CortexM3\ARM_GCC_541\Debug\design1.a(Timer.o)
                0x0000172c                Timer_WriteCounter
 .text.Timer_ClearFIFO
                0x00001738       0x14 .\CortexM3\ARM_GCC_541\Debug\design1.a(Timer.o)
                0x00001738                Timer_ClearFIFO
 .text.Timer_Init
                0x0000174c       0x38 .\CortexM3\ARM_GCC_541\Debug\design1.a(Timer.o)
                0x0000174c                Timer_Init
 .text.Timer_Start
                0x00001784       0x1c .\CortexM3\ARM_GCC_541\Debug\design1.a(Timer.o)
                0x00001784                Timer_Start
 .text.LED3_Write
                0x000017a0       0x18 .\CortexM3\ARM_GCC_541\Debug\design1.a(LED3.o)
                0x000017a0                LED3_Write
 .text.UART_Init
                0x000017b8       0x28 .\CortexM3\ARM_GCC_541\Debug\design1.a(UART.o)
                0x000017b8                UART_Init
 .text.UART_Enable
                0x000017e0       0x38 .\CortexM3\ARM_GCC_541\Debug\design1.a(UART.o)
                0x000017e0                UART_Enable
 .text.UART_Start
                0x00001818       0x1c .\CortexM3\ARM_GCC_541\Debug\design1.a(UART.o)
                0x00001818                UART_Start
 .text.UART_ReadRxData
                0x00001834        0xc .\CortexM3\ARM_GCC_541\Debug\design1.a(UART.o)
                0x00001834                UART_ReadRxData
 .text.UART_ReadRxStatus
                0x00001840       0x10 .\CortexM3\ARM_GCC_541\Debug\design1.a(UART.o)
                0x00001840                UART_ReadRxStatus
 .text.UART_PutChar
                0x00001850       0x18 .\CortexM3\ARM_GCC_541\Debug\design1.a(UART.o)
                0x00001850                UART_PutChar
 .text.UART_PutString
                0x00001868       0x24 .\CortexM3\ARM_GCC_541\Debug\design1.a(UART.o)
                0x00001868                UART_PutString
 .text.UART_IntClock_Start
                0x0000188c       0x1c .\CortexM3\ARM_GCC_541\Debug\design1.a(UART_IntClock.o)
                0x0000188c                UART_IntClock_Start
 .text.JUMP_Enable
                0x000018a8       0x10 .\CortexM3\ARM_GCC_541\Debug\design1.a(JUMP.o)
                0x000018a8                JUMP_Enable
 .text.JUMP_WriteCounter
                0x000018b8        0xc .\CortexM3\ARM_GCC_541\Debug\design1.a(JUMP.o)
                0x000018b8                JUMP_WriteCounter
 .text.JUMP_WritePeriod
                0x000018c4        0xc .\CortexM3\ARM_GCC_541\Debug\design1.a(JUMP.o)
                0x000018c4                JUMP_WritePeriod
 .text.JUMP_WriteCompare
                0x000018d0        0xc .\CortexM3\ARM_GCC_541\Debug\design1.a(JUMP.o)
                0x000018d0                JUMP_WriteCompare
 .text.JUMP_SetInterruptMode
                0x000018dc        0xc .\CortexM3\ARM_GCC_541\Debug\design1.a(JUMP.o)
                0x000018dc                JUMP_SetInterruptMode
 .text.JUMP_ReadStatusRegister
                0x000018e8        0xc .\CortexM3\ARM_GCC_541\Debug\design1.a(JUMP.o)
                0x000018e8                JUMP_ReadStatusRegister
 .text.JUMP_ReadCapture
                0x000018f4        0xc .\CortexM3\ARM_GCC_541\Debug\design1.a(JUMP.o)
                0x000018f4                JUMP_ReadCapture
 .text.JUMP_ClearFIFO
                0x00001900       0x14 .\CortexM3\ARM_GCC_541\Debug\design1.a(JUMP.o)
                0x00001900                JUMP_ClearFIFO
 .text.JUMP_Init
                0x00001914       0x60 .\CortexM3\ARM_GCC_541\Debug\design1.a(JUMP.o)
                0x00001914                JUMP_Init
 .text.JUMP_Start
                0x00001974       0x1c .\CortexM3\ARM_GCC_541\Debug\design1.a(JUMP.o)
                0x00001974                JUMP_Start
 .text.DUCK_Enable
                0x00001990       0x10 .\CortexM3\ARM_GCC_541\Debug\design1.a(DUCK.o)
                0x00001990                DUCK_Enable
 .text.DUCK_WriteCounter
                0x000019a0        0xc .\CortexM3\ARM_GCC_541\Debug\design1.a(DUCK.o)
                0x000019a0                DUCK_WriteCounter
 .text.DUCK_WritePeriod
                0x000019ac        0xc .\CortexM3\ARM_GCC_541\Debug\design1.a(DUCK.o)
                0x000019ac                DUCK_WritePeriod
 .text.DUCK_WriteCompare
                0x000019b8        0xc .\CortexM3\ARM_GCC_541\Debug\design1.a(DUCK.o)
                0x000019b8                DUCK_WriteCompare
 .text.DUCK_SetInterruptMode
                0x000019c4        0xc .\CortexM3\ARM_GCC_541\Debug\design1.a(DUCK.o)
                0x000019c4                DUCK_SetInterruptMode
 .text.DUCK_ReadStatusRegister
                0x000019d0        0xc .\CortexM3\ARM_GCC_541\Debug\design1.a(DUCK.o)
                0x000019d0                DUCK_ReadStatusRegister
 .text.DUCK_ReadCapture
                0x000019dc        0xc .\CortexM3\ARM_GCC_541\Debug\design1.a(DUCK.o)
                0x000019dc                DUCK_ReadCapture
 .text.DUCK_ClearFIFO
                0x000019e8       0x14 .\CortexM3\ARM_GCC_541\Debug\design1.a(DUCK.o)
                0x000019e8                DUCK_ClearFIFO
 .text.DUCK_Init
                0x000019fc       0x60 .\CortexM3\ARM_GCC_541\Debug\design1.a(DUCK.o)
                0x000019fc                DUCK_Init
 .text.DUCK_Start
                0x00001a5c       0x1c .\CortexM3\ARM_GCC_541\Debug\design1.a(DUCK.o)
                0x00001a5c                DUCK_Start
 .text.SW3_Read
                0x00001a78       0x10 .\CortexM3\ARM_GCC_541\Debug\design1.a(SW3.o)
                0x00001a78                SW3_Read
 .text.isr_1_SetVector
                0x00001a88        0xc .\CortexM3\ARM_GCC_541\Debug\design1.a(isr_1.o)
                0x00001a88                isr_1_SetVector
 .text.isr_1_SetPriority
                0x00001a94       0x10 .\CortexM3\ARM_GCC_541\Debug\design1.a(isr_1.o)
                0x00001a94                isr_1_SetPriority
 .text.isr_1_Enable
                0x00001aa4        0xc .\CortexM3\ARM_GCC_541\Debug\design1.a(isr_1.o)
                0x00001aa4                isr_1_Enable
 .text.isr_1_Disable
                0x00001ab0        0xc .\CortexM3\ARM_GCC_541\Debug\design1.a(isr_1.o)
                0x00001ab0                isr_1_Disable
 .text.isr_1_StartEx
                0x00001abc       0x1c .\CortexM3\ARM_GCC_541\Debug\design1.a(isr_1.o)
                0x00001abc                isr_1_StartEx
 .text.AMUX_Start
                0x00001ad8       0x20 .\CortexM3\ARM_GCC_541\Debug\design1.a(AMUX.o)
                0x00001ad8                AMUX_Start
 .text.AMUX_Select
                0x00001af8       0x18 .\CortexM3\ARM_GCC_541\Debug\design1.a(AMUX.o)
                0x00001af8                AMUX_Select
 .text.isr_RX_SetVector
                0x00001b10        0xc .\CortexM3\ARM_GCC_541\Debug\design1.a(isr_RX.o)
                0x00001b10                isr_RX_SetVector
 .text.isr_RX_SetPriority
                0x00001b1c       0x10 .\CortexM3\ARM_GCC_541\Debug\design1.a(isr_RX.o)
                0x00001b1c                isr_RX_SetPriority
 .text.isr_RX_Enable
                0x00001b2c        0xc .\CortexM3\ARM_GCC_541\Debug\design1.a(isr_RX.o)
                0x00001b2c                isr_RX_Enable
 .text.isr_RX_Disable
                0x00001b38        0xc .\CortexM3\ARM_GCC_541\Debug\design1.a(isr_RX.o)
                0x00001b38                isr_RX_Disable
 .text.isr_RX_StartEx
                0x00001b44       0x1c .\CortexM3\ARM_GCC_541\Debug\design1.a(isr_RX.o)
                0x00001b44                isr_RX_StartEx
 .text.isr_sw3_SetVector
                0x00001b60        0xc .\CortexM3\ARM_GCC_541\Debug\design1.a(isr_sw3.o)
                0x00001b60                isr_sw3_SetVector
 .text.isr_sw3_SetPriority
                0x00001b6c       0x10 .\CortexM3\ARM_GCC_541\Debug\design1.a(isr_sw3.o)
                0x00001b6c                isr_sw3_SetPriority
 .text.isr_sw3_Enable
                0x00001b7c        0xc .\CortexM3\ARM_GCC_541\Debug\design1.a(isr_sw3.o)
                0x00001b7c                isr_sw3_Enable
 .text.isr_sw3_Disable
                0x00001b88        0xc .\CortexM3\ARM_GCC_541\Debug\design1.a(isr_sw3.o)
                0x00001b88                isr_sw3_Disable
 .text.isr_sw3_StartEx
                0x00001b94       0x1c .\CortexM3\ARM_GCC_541\Debug\design1.a(isr_sw3.o)
                0x00001b94                isr_sw3_StartEx
 .text.isr_sw1_SetVector
                0x00001bb0        0xc .\CortexM3\ARM_GCC_541\Debug\design1.a(isr_sw1.o)
                0x00001bb0                isr_sw1_SetVector
 .text.isr_sw1_SetPriority
                0x00001bbc       0x10 .\CortexM3\ARM_GCC_541\Debug\design1.a(isr_sw1.o)
                0x00001bbc                isr_sw1_SetPriority
 .text.isr_sw1_Enable
                0x00001bcc        0xc .\CortexM3\ARM_GCC_541\Debug\design1.a(isr_sw1.o)
                0x00001bcc                isr_sw1_Enable
 .text.isr_sw1_Disable
                0x00001bd8        0xc .\CortexM3\ARM_GCC_541\Debug\design1.a(isr_sw1.o)
                0x00001bd8                isr_sw1_Disable
 .text.isr_sw1_StartEx
                0x00001be4       0x1c .\CortexM3\ARM_GCC_541\Debug\design1.a(isr_sw1.o)
                0x00001be4                isr_sw1_StartEx
 .text.isr_sw2_SetVector
                0x00001c00        0xc .\CortexM3\ARM_GCC_541\Debug\design1.a(isr_sw2.o)
                0x00001c00                isr_sw2_SetVector
 .text.isr_sw2_SetPriority
                0x00001c0c       0x10 .\CortexM3\ARM_GCC_541\Debug\design1.a(isr_sw2.o)
                0x00001c0c                isr_sw2_SetPriority
 .text.isr_sw2_Enable
                0x00001c1c        0xc .\CortexM3\ARM_GCC_541\Debug\design1.a(isr_sw2.o)
                0x00001c1c                isr_sw2_Enable
 .text.isr_sw2_Disable
                0x00001c28        0xc .\CortexM3\ARM_GCC_541\Debug\design1.a(isr_sw2.o)
                0x00001c28                isr_sw2_Disable
 .text.isr_sw2_StartEx
                0x00001c34       0x1c .\CortexM3\ARM_GCC_541\Debug\design1.a(isr_sw2.o)
                0x00001c34                isr_sw2_StartEx
 .text.VDAC_Enable
                0x00001c50       0x1c .\CortexM3\ARM_GCC_541\Debug\design1.a(VDAC.o)
                0x00001c50                VDAC_Enable
 .text.VDAC_SetSpeed
                0x00001c6c       0x1c .\CortexM3\ARM_GCC_541\Debug\design1.a(VDAC.o)
                0x00001c6c                VDAC_SetSpeed
 .text.VDAC_SetValue
                0x00001c88        0xc .\CortexM3\ARM_GCC_541\Debug\design1.a(VDAC.o)
                0x00001c88                VDAC_SetValue
 .text.VDAC_DacTrim
                0x00001c94       0x24 .\CortexM3\ARM_GCC_541\Debug\design1.a(VDAC.o)
                0x00001c94                VDAC_DacTrim
 .text.VDAC_SetRange
                0x00001cb8       0x20 .\CortexM3\ARM_GCC_541\Debug\design1.a(VDAC.o)
                0x00001cb8                VDAC_SetRange
 .text.VDAC_Init
                0x00001cd8       0x20 .\CortexM3\ARM_GCC_541\Debug\design1.a(VDAC.o)
                0x00001cd8                VDAC_Init
 .text.VDAC_Start
                0x00001cf8       0x24 .\CortexM3\ARM_GCC_541\Debug\design1.a(VDAC.o)
                0x00001cf8                VDAC_Start
 .text.Timer_audio_Enable
                0x00001d1c       0x28 .\CortexM3\ARM_GCC_541\Debug\design1.a(Timer_audio.o)
                0x00001d1c                Timer_audio_Enable
 .text.Timer_audio_SetInterruptMode
                0x00001d44        0xc .\CortexM3\ARM_GCC_541\Debug\design1.a(Timer_audio.o)
                0x00001d44                Timer_audio_SetInterruptMode
 .text.Timer_audio_ReadStatusRegister
                0x00001d50        0xc .\CortexM3\ARM_GCC_541\Debug\design1.a(Timer_audio.o)
                0x00001d50                Timer_audio_ReadStatusRegister
 .text.Timer_audio_WritePeriod
                0x00001d5c        0xc .\CortexM3\ARM_GCC_541\Debug\design1.a(Timer_audio.o)
                0x00001d5c                Timer_audio_WritePeriod
 .text.Timer_audio_WriteCounter
                0x00001d68        0xc .\CortexM3\ARM_GCC_541\Debug\design1.a(Timer_audio.o)
                0x00001d68                Timer_audio_WriteCounter
 .text.Timer_audio_Init
                0x00001d74       0x68 .\CortexM3\ARM_GCC_541\Debug\design1.a(Timer_audio.o)
                0x00001d74                Timer_audio_Init
 .text.Timer_audio_Start
                0x00001ddc       0x1c .\CortexM3\ARM_GCC_541\Debug\design1.a(Timer_audio.o)
                0x00001ddc                Timer_audio_Start
 .text          0x00001df8       0x20 .\CortexM3\ARM_GCC_541\Debug\design1.a(CyBootAsmGnu.o)
                0x00001df8                CyDelayCycles
                0x00001e08                CyEnterCriticalSection
                0x00001e10                CyExitCriticalSection
 .text.sin      0x00001e18       0x90 c:/program files (x86)/cypress/psoc creator/4.4/psoc creator/import/gnu/arm/5.4.1/bin/../lib/gcc/arm-none-eabi/5.4.1/../../../../arm-none-eabi/lib/armv7-m\libm.a(lib_a-s_sin.o)
                0x00001e18                sin
 .text.__ieee754_rem_pio2
                0x00001ea8      0x42c c:/program files (x86)/cypress/psoc creator/4.4/psoc creator/import/gnu/arm/5.4.1/bin/../lib/gcc/arm-none-eabi/5.4.1/../../../../arm-none-eabi/lib/armv7-m\libm.a(lib_a-e_rem_pio2.o)
                0x00001ea8                __ieee754_rem_pio2
 *fill*         0x000022d4        0x4 
 .text.__kernel_cos
                0x000022d8      0x248 c:/program files (x86)/cypress/psoc creator/4.4/psoc creator/import/gnu/arm/5.4.1/bin/../lib/gcc/arm-none-eabi/5.4.1/../../../../arm-none-eabi/lib/armv7-m\libm.a(lib_a-k_cos.o)
                0x000022d8                __kernel_cos
 .text.__kernel_rem_pio2
                0x00002520      0x7f0 c:/program files (x86)/cypress/psoc creator/4.4/psoc creator/import/gnu/arm/5.4.1/bin/../lib/gcc/arm-none-eabi/5.4.1/../../../../arm-none-eabi/lib/armv7-m\libm.a(lib_a-k_rem_pio2.o)
                0x00002520                __kernel_rem_pio2
 .text.__kernel_sin
                0x00002d10      0x16c c:/program files (x86)/cypress/psoc creator/4.4/psoc creator/import/gnu/arm/5.4.1/bin/../lib/gcc/arm-none-eabi/5.4.1/../../../../arm-none-eabi/lib/armv7-m\libm.a(lib_a-k_sin.o)
                0x00002d10                __kernel_sin
 .text.fabs     0x00002e7c        0x8 c:/program files (x86)/cypress/psoc creator/4.4/psoc creator/import/gnu/arm/5.4.1/bin/../lib/gcc/arm-none-eabi/5.4.1/../../../../arm-none-eabi/lib/armv7-m\libm.a(lib_a-s_fabs.o)
                0x00002e7c                fabs
 *fill*         0x00002e84        0x4 
 .text.floor    0x00002e88      0x110 c:/program files (x86)/cypress/psoc creator/4.4/psoc creator/import/gnu/arm/5.4.1/bin/../lib/gcc/arm-none-eabi/5.4.1/../../../../arm-none-eabi/lib/armv7-m\libm.a(lib_a-s_floor.o)
                0x00002e88                floor
 .text.scalbn   0x00002f98       0xe4 c:/program files (x86)/cypress/psoc creator/4.4/psoc creator/import/gnu/arm/5.4.1/bin/../lib/gcc/arm-none-eabi/5.4.1/../../../../arm-none-eabi/lib/armv7-m\libm.a(lib_a-s_scalbn.o)
                0x00002f98                scalbn
 .text.copysign
                0x0000307c       0x10 c:/program files (x86)/cypress/psoc creator/4.4/psoc creator/import/gnu/arm/5.4.1/bin/../lib/gcc/arm-none-eabi/5.4.1/../../../../arm-none-eabi/lib/armv7-m\libm.a(lib_a-s_copysign.o)
                0x0000307c                copysign
 .text          0x0000308c      0x370 c:/program files (x86)/cypress/psoc creator/4.4/psoc creator/import/gnu/arm/5.4.1/bin/../lib/gcc/arm-none-eabi/5.4.1/armv7-m\libgcc.a(_arm_addsubdf3.o)
                0x0000308c                __aeabi_drsub
                0x00003094                __aeabi_dsub
                0x00003094                __subdf3
                0x00003098                __aeabi_dadd
                0x00003098                __adddf3
                0x00003310                __floatunsidf
                0x00003310                __aeabi_ui2d
                0x00003330                __floatsidf
                0x00003330                __aeabi_i2d
                0x00003354                __aeabi_f2d
                0x00003354                __extendsfdf2
                0x00003390                __floatundidf
                0x00003390                __aeabi_ul2d
                0x000033a0                __floatdidf
                0x000033a0                __aeabi_l2d
 .text          0x000033fc      0x424 c:/program files (x86)/cypress/psoc creator/4.4/psoc creator/import/gnu/arm/5.4.1/bin/../lib/gcc/arm-none-eabi/5.4.1/armv7-m\libgcc.a(_arm_muldivdf3.o)
                0x000033fc                __aeabi_dmul
                0x000033fc                __muldf3
                0x00003650                __divdf3
                0x00003650                __aeabi_ddiv
 .text          0x00003820      0x110 c:/program files (x86)/cypress/psoc creator/4.4/psoc creator/import/gnu/arm/5.4.1/bin/../lib/gcc/arm-none-eabi/5.4.1/armv7-m\libgcc.a(_arm_cmpdf2.o)
                0x00003820                __gtdf2
                0x00003820                __gedf2
                0x00003828                __ltdf2
                0x00003828                __ledf2
                0x00003830                __nedf2
                0x00003830                __eqdf2
                0x00003830                __cmpdf2
                0x000038ac                __aeabi_cdrcmple
                0x000038bc                __aeabi_cdcmpeq
                0x000038bc                __aeabi_cdcmple
                0x000038cc                __aeabi_dcmpeq
                0x000038e0                __aeabi_dcmplt
                0x000038f4                __aeabi_dcmple
                0x00003908                __aeabi_dcmpge
                0x0000391c                __aeabi_dcmpgt
 .text          0x00003930       0x50 c:/program files (x86)/cypress/psoc creator/4.4/psoc creator/import/gnu/arm/5.4.1/bin/../lib/gcc/arm-none-eabi/5.4.1/armv7-m\libgcc.a(_arm_fixdfsi.o)
                0x00003930                __aeabi_d2iz
                0x00003930                __fixdfsi
 .text          0x00003980       0x40 c:/program files (x86)/cypress/psoc creator/4.4/psoc creator/import/gnu/arm/5.4.1/bin/../lib/gcc/arm-none-eabi/5.4.1/armv7-m\libgcc.a(_arm_fixunsdfsi.o)
                0x00003980                __aeabi_d2uiz
                0x00003980                __fixunsdfsi
 .text.__errno  0x000039c0        0xc c:/program files (x86)/cypress/psoc creator/4.4/psoc creator/import/gnu/arm/5.4.1/bin/../lib/gcc/arm-none-eabi/5.4.1/../../../../arm-none-eabi/lib/armv7-m\libg_nano.a(lib_a-errno.o)
                0x000039c0                __errno
 .text.__libc_init_array
                0x000039cc       0x4c c:/program files (x86)/cypress/psoc creator/4.4/psoc creator/import/gnu/arm/5.4.1/bin/../lib/gcc/arm-none-eabi/5.4.1/../../../../arm-none-eabi/lib/armv7-m\libg_nano.a(lib_a-init.o)
                0x000039cc                __libc_init_array
 .text.memcpy   0x00003a18       0x16 c:/program files (x86)/cypress/psoc creator/4.4/psoc creator/import/gnu/arm/5.4.1/bin/../lib/gcc/arm-none-eabi/5.4.1/../../../../arm-none-eabi/lib/armv7-m\libg_nano.a(lib_a-memcpy-stub.o)
                0x00003a18                memcpy
 .text.memset   0x00003a2e       0x10 c:/program files (x86)/cypress/psoc creator/4.4/psoc creator/import/gnu/arm/5.4.1/bin/../lib/gcc/arm-none-eabi/5.4.1/../../../../arm-none-eabi/lib/armv7-m\libg_nano.a(lib_a-memset.o)
                0x00003a2e                memset
 *(.plt)
 *(.gnu.warning)
 *(.glue_7t)
 .glue_7t       0x00003a3e        0x0 linker stubs
 *(.glue_7)
 .glue_7        0x00003a3e        0x0 linker stubs
 *(.vfp11_veneer)
 .vfp11_veneer  0x00003a3e        0x0 linker stubs
 *(.bootloader)
 *(.ARM.extab* .gnu.linkonce.armextab.*)
 *(.gcc_except_table)

.v4_bx          0x00003a40        0x0
 .v4_bx         0x00003a40        0x0 linker stubs

.iplt           0x00003a40        0x0
 .iplt          0x00003a40        0x0 c:/program files (x86)/cypress/psoc creator/4.4/psoc creator/import/gnu/arm/5.4.1/bin/../lib/gcc/arm-none-eabi/5.4.1/armv7-m/crtbegin.o

.eh_frame_hdr
 *(.eh_frame_hdr)

.eh_frame       0x00003a40        0x4
 *(.eh_frame)
 .eh_frame      0x00003a40        0x0 c:/program files (x86)/cypress/psoc creator/4.4/psoc creator/import/gnu/arm/5.4.1/bin/../lib/gcc/arm-none-eabi/5.4.1/armv7-m/crtbegin.o
 .eh_frame      0x00003a40        0x4 c:/program files (x86)/cypress/psoc creator/4.4/psoc creator/import/gnu/arm/5.4.1/bin/../lib/gcc/arm-none-eabi/5.4.1/armv7-m/crtend.o
                [!provide]                PROVIDE (__exidx_start, .)

.ARM.exidx
 *(.ARM.exidx* .gnu.linkonce.armexidx.*)
                0x00003a44                __exidx_end = .

.rodata         0x00003a48      0x298
 *(.rodata .rodata.* .gnu.linkonce.r.*)
 .rodata.str1.4
                0x00003a48       0x28 .\CortexM3\ARM_GCC_541\Debug\main.o
                                 0x27 (size before relaxing)
 .rodata        0x00003a70       0x5a .\CortexM3\ARM_GCC_541\Debug\cyfitter_cfg.o
                0x00003a70                AMUX__addrTable
                0x00003a80                AMUX__maskTable
                0x00003a84                ADC_AMux__addrTable
                0x00003a8c                ADC_AMux__maskTable
 *fill*         0x00003aca        0x2 
 .rodata.npio2_hw
                0x00003acc       0x80 c:/program files (x86)/cypress/psoc creator/4.4/psoc creator/import/gnu/arm/5.4.1/bin/../lib/gcc/arm-none-eabi/5.4.1/../../../../arm-none-eabi/lib/armv7-m\libm.a(lib_a-e_rem_pio2.o)
 .rodata.two_over_pi
                0x00003b4c      0x108 c:/program files (x86)/cypress/psoc creator/4.4/psoc creator/import/gnu/arm/5.4.1/bin/../lib/gcc/arm-none-eabi/5.4.1/../../../../arm-none-eabi/lib/armv7-m\libm.a(lib_a-e_rem_pio2.o)
 .rodata.init_jk
                0x00003c54       0x10 c:/program files (x86)/cypress/psoc creator/4.4/psoc creator/import/gnu/arm/5.4.1/bin/../lib/gcc/arm-none-eabi/5.4.1/../../../../arm-none-eabi/lib/armv7-m\libm.a(lib_a-k_rem_pio2.o)
 *fill*         0x00003c64        0x4 
 .rodata.PIo2   0x00003c68       0x40 c:/program files (x86)/cypress/psoc creator/4.4/psoc creator/import/gnu/arm/5.4.1/bin/../lib/gcc/arm-none-eabi/5.4.1/../../../../arm-none-eabi/lib/armv7-m\libm.a(lib_a-k_rem_pio2.o)
 .rodata.str1.1
                0x00003ca8        0x2 c:/program files (x86)/cypress/psoc creator/4.4/psoc creator/import/gnu/arm/5.4.1/bin/../lib/gcc/arm-none-eabi/5.4.1/../../../../arm-none-eabi/lib/armv7-m\libg_nano.a(lib_a-impure.o)
                0x00003cac                . = ALIGN (0x4)
 *fill*         0x00003caa        0x2 
 *(.init)
 .init          0x00003cac        0x4 c:/program files (x86)/cypress/psoc creator/4.4/psoc creator/import/gnu/arm/5.4.1/bin/../lib/gcc/arm-none-eabi/5.4.1/armv7-m/crti.o
                0x00003cac                _init
 .init          0x00003cb0        0x8 c:/program files (x86)/cypress/psoc creator/4.4/psoc creator/import/gnu/arm/5.4.1/bin/../lib/gcc/arm-none-eabi/5.4.1/armv7-m/crtn.o
                0x00003cb8                . = ALIGN (0x4)
                0x00003cb8                __preinit_array_start = .
 *(.preinit_array)
                0x00003cb8                __preinit_array_end = .
                0x00003cb8                . = ALIGN (0x4)
                0x00003cb8                __init_array_start = .
 *(SORT(.init_array.*))
 *(.init_array)
 .init_array    0x00003cb8        0x4 c:/program files (x86)/cypress/psoc creator/4.4/psoc creator/import/gnu/arm/5.4.1/bin/../lib/gcc/arm-none-eabi/5.4.1/armv7-m/crtbegin.o
 .init_array    0x00003cbc        0x4 .\CortexM3\ARM_GCC_541\Debug\Cm3Start.o
                0x00003cc0                __init_array_end = .
                0x00003cc0                . = ALIGN (0x4)
 *(.fini)
 .fini          0x00003cc0        0x4 c:/program files (x86)/cypress/psoc creator/4.4/psoc creator/import/gnu/arm/5.4.1/bin/../lib/gcc/arm-none-eabi/5.4.1/armv7-m/crti.o
                0x00003cc0                _fini
 .fini          0x00003cc4        0x8 c:/program files (x86)/cypress/psoc creator/4.4/psoc creator/import/gnu/arm/5.4.1/bin/../lib/gcc/arm-none-eabi/5.4.1/armv7-m/crtn.o
                0x00003ccc                . = ALIGN (0x4)
                0x00003ccc                __fini_array_start = .
 *(.fini_array)
 .fini_array    0x00003ccc        0x4 c:/program files (x86)/cypress/psoc creator/4.4/psoc creator/import/gnu/arm/5.4.1/bin/../lib/gcc/arm-none-eabi/5.4.1/armv7-m/crtbegin.o
 *(SORT(.fini_array.*))
                0x00003cd0                __fini_array_end = .
                0x00003cd0                . = ALIGN (0x4)
 *crtbegin.o(.ctors)
 *(EXCLUDE_FILE(*crtend.o) .ctors)
 *(SORT(.ctors.*))
 *crtend.o(.ctors)
                0x00003cd0                . = ALIGN (0x4)
 *crtbegin.o(.dtors)
 *(EXCLUDE_FILE(*crtend.o) .dtors)
 *(SORT(.dtors.*))
 *crtend.o(.dtors)
                0x00003cd0                . = ALIGN (0x4)
                0x00003cd0                __cy_regions = .
                0x00003cd0        0x4 LONG 0x3ce0 __cy_region_init_ram
                0x00003cd4        0x4 LONG 0x1fff80c8 __cy_region_start_data
                0x00003cd8        0x4 LONG 0x80 __cy_region_init_size_ram
                0x00003cdc        0x4 LONG 0x378 __cy_region_zero_size_ram
                0x00003ce0                __cy_regions_end = .
                0x00003ce0                . = ALIGN (0x8)
                0x00003ce0                _etext = .

.cy_checksum_exclude
                0x00003ce0        0x0
 *(.cy_checksum_exclude)

.ramvectors     0x1fff8000       0xc0
                0x1fff8000                __cy_region_start_ram = .
 *(.ramvectors)
 .ramvectors    0x1fff8000       0xc0 .\CortexM3\ARM_GCC_541\Debug\Cm3Start.o
                0x1fff8000                CyRamVectors

.noinit         0x1fff80c0        0x1
 *(.noinit)
 .noinit        0x1fff80c0        0x1 .\CortexM3\ARM_GCC_541\Debug\design1.a(CyLib.o)
                0x1fff80c0                CyResetStatus

.data           0x1fff80c8       0x80 load address 0x00003ce0
                0x1fff80c8                __cy_region_start_data = .
 *(.jcr)
 .jcr           0x1fff80c8        0x0 c:/program files (x86)/cypress/psoc creator/4.4/psoc creator/import/gnu/arm/5.4.1/bin/../lib/gcc/arm-none-eabi/5.4.1/armv7-m/crtbegin.o
 .jcr           0x1fff80c8        0x4 c:/program files (x86)/cypress/psoc creator/4.4/psoc creator/import/gnu/arm/5.4.1/bin/../lib/gcc/arm-none-eabi/5.4.1/armv7-m/crtend.o
 *(.got.plt)
 *(.got)
 *(.shdata)
 *(.data .data.* .gnu.linkonce.d.*)
 .data          0x1fff80cc       0x10 .\CortexM3\ARM_GCC_541\Debug\design1.a(CyLib.o)
                0x1fff80cc                cydelay_32k_ms
                0x1fff80d0                cydelay_freq_khz
                0x1fff80d4                cydelay_freq_mhz
                0x1fff80d8                cydelay_freq_hz
 .data          0x1fff80dc        0x1 .\CortexM3\ARM_GCC_541\Debug\design1.a(ADC.o)
                0x1fff80dc                ADC_Config
 .data          0x1fff80dd        0x1 .\CortexM3\ARM_GCC_541\Debug\design1.a(ADC_AMux.o)
 .data          0x1fff80de        0x1 .\CortexM3\ARM_GCC_541\Debug\design1.a(AMUX.o)
 *fill*         0x1fff80df        0x1 
 .data.impure_data
                0x1fff80e0       0x60 c:/program files (x86)/cypress/psoc creator/4.4/psoc creator/import/gnu/arm/5.4.1/bin/../lib/gcc/arm-none-eabi/5.4.1/../../../../arm-none-eabi/lib/armv7-m\libg_nano.a(lib_a-impure.o)
 .data._impure_ptr
                0x1fff8140        0x4 c:/program files (x86)/cypress/psoc creator/4.4/psoc creator/import/gnu/arm/5.4.1/bin/../lib/gcc/arm-none-eabi/5.4.1/../../../../arm-none-eabi/lib/armv7-m\libg_nano.a(lib_a-impure.o)
                0x1fff8140                _impure_ptr
                0x1fff8148                . = ALIGN (0x8)
 *fill*         0x1fff8144        0x4 
 *(.ram)
                0x1fff8148                _edata = .

.igot.plt       0x1fff8148        0x0 load address 0x00003d60
 .igot.plt      0x1fff8148        0x0 c:/program files (x86)/cypress/psoc creator/4.4/psoc creator/import/gnu/arm/5.4.1/bin/../lib/gcc/arm-none-eabi/5.4.1/armv7-m/crtbegin.o

.bss            0x1fff8148      0x378 load address 0x00003d60
                0x1fff8148                PROVIDE (__bss_start__, .)
 *(.shbss)
 *(.bss .bss.* .gnu.linkonce.b.*)
 .bss           0x1fff8148       0x1c c:/program files (x86)/cypress/psoc creator/4.4/psoc creator/import/gnu/arm/5.4.1/bin/../lib/gcc/arm-none-eabi/5.4.1/armv7-m/crtbegin.o
 .bss           0x1fff8164        0x6 .\CortexM3\ARM_GCC_541\Debug\main.o
                0x1fff8164                score
                0x1fff8168                i
 .bss           0x1fff816a        0x2 .\CortexM3\ARM_GCC_541\Debug\design1.a(LCD_Char.o)
                0x1fff816a                LCD_Char_enableState
                0x1fff816b                LCD_Char_initVar
 .bss           0x1fff816c       0x18 .\CortexM3\ARM_GCC_541\Debug\design1.a(ADC.o)
                0x1fff817c                ADC_stopConversion
                0x1fff817d                ADC_convDone
                0x1fff817e                ADC_initVar
                0x1fff817f                ADC_started
                0x1fff8180                ADC_Offset
 .bss           0x1fff8184        0x1 .\CortexM3\ARM_GCC_541\Debug\design1.a(Timer.o)
                0x1fff8184                Timer_initVar
 .bss           0x1fff8185        0x2 .\CortexM3\ARM_GCC_541\Debug\design1.a(UART.o)
                0x1fff8185                UART_initVar
 .bss           0x1fff8187        0x1 .\CortexM3\ARM_GCC_541\Debug\design1.a(JUMP.o)
                0x1fff8187                JUMP_initVar
 .bss           0x1fff8188        0x1 .\CortexM3\ARM_GCC_541\Debug\design1.a(DUCK.o)
                0x1fff8188                DUCK_initVar
 .bss           0x1fff8189        0x1 .\CortexM3\ARM_GCC_541\Debug\design1.a(VDAC.o)
                0x1fff8189                VDAC_initVar
 .bss           0x1fff818a        0x1 .\CortexM3\ARM_GCC_541\Debug\design1.a(Timer_audio.o)
                0x1fff818a                Timer_audio_initVar
 *(COMMON)
 *fill*         0x1fff818b        0x5 
 COMMON         0x1fff8190      0x329 .\CortexM3\ARM_GCC_541\Debug\main.o
                0x1fff8190                jmp
                0x1fff8194                ms_count
                0x1fff8198                wave
                0x1fff84b8                value
 *fill*         0x1fff84b9        0x3 
 COMMON         0x1fff84bc        0x4 .\CortexM3\ARM_GCC_541\Debug\design1.a(ADC.o)
                0x1fff84bc                ADC_CountsPerVolt
                0x1fff84c0                . = ALIGN (0x8)
 *(.ram.b)
                0x1fff84c0                _end = .
                0x1fff84c0                __end = .
                0x1fff84c0                PROVIDE (end, .)
                0x1fff84c0                PROVIDE (__bss_end__, .)
                0x00003ce0                __cy_region_init_ram = LOADADDR (.data)
                0x00000080                __cy_region_init_size_ram = (_edata - ADDR (.data))
                0x00000378                __cy_region_zero_size_ram = (_end - _edata)

.heap           0x1fff84c0       0x80 load address 0x00003d60
                0x1fff84c0                . = _end
                0x1fff8540                . = (. + 0x80)
 *fill*         0x1fff84c0       0x80 
                0x1fff8540                __cy_heap_limit = .

.stack          0x20007800      0x800
                0x20007800                __cy_stack_limit = .
                0x20008000                . = (. + 0x800)
 *fill*         0x20007800      0x800 
                0x00000001                ASSERT ((__cy_stack_limit >= __cy_heap_limit), region RAM overflowed with stack)
                0x00000000                cy_checksum_exclude_size = (CY_APPL_LOADABLE == 0x1)?SIZEOF (.cy_checksum_exclude):0x0
                0x00000001                ASSERT ((cy_checksum_exclude_size <= CY_CHECKSUM_EXCLUDE_SIZE), CY_BOOT: Section .cy_checksum_exclude size exceedes specified limit.)

.cyloadermeta
 *(.cyloadermeta)

.cyloadablemeta
 *(.cyloadablemeta)

.cyconfigecc    0x80000000      0x748
 *(.cyconfigecc)
 .cyconfigecc   0x80000000      0x748 .\CortexM3\ARM_GCC_541\Debug\cymetadata.o
                0x80000000                cy_meta_configecc

.cycustnvl      0x90000000        0x4
 *(.cycustnvl)
 .cycustnvl     0x90000000        0x4 .\CortexM3\ARM_GCC_541\Debug\cymetadata.o
                0x90000000                cy_meta_custnvl

.cywolatch      0x90100000        0x4
 *(.cywolatch)
 .cywolatch     0x90100000        0x4 .\CortexM3\ARM_GCC_541\Debug\cymetadata.o
                0x90100000                cy_meta_wonvl

.cyeeprom       0x90200000        0x0
 *(.cyeeprom)
                0x00000001                ASSERT ((. <= ((0x90200000 + ee_offset) + ee_size)), .cyeeprom data will not fit in EEPROM)

.cyflashprotect
                0x90400000      0x100
 *(.cyflashprotect)
 .cyflashprotect
                0x90400000      0x100 .\CortexM3\ARM_GCC_541\Debug\cymetadata.o
                0x90400000                cy_meta_flashprotect

.cymeta         0x90500000        0xc
 *(.cymeta)
 .cymeta        0x90500000        0xc .\CortexM3\ARM_GCC_541\Debug\cymetadata.o
                0x90500000                cy_metadata

.rel.dyn        0x00003d60        0x0 load address 0x9050000c
 .rel.iplt      0x00003d60        0x0 c:/program files (x86)/cypress/psoc creator/4.4/psoc creator/import/gnu/arm/5.4.1/bin/../lib/gcc/arm-none-eabi/5.4.1/armv7-m/crtbegin.o

.stab
 *(.stab)

.stabstr
 *(.stabstr)

.debug
 *(.debug)

.line
 *(.line)

.debug_srcinfo
 *(.debug_srcinfo)

.debug_sfnames
 *(.debug_sfnames)

.debug_aranges  0x00000000     0x11e0
 *(.debug_aranges)
 .debug_aranges
                0x00000000       0x28 .\CortexM3\ARM_GCC_541\Debug\keypad.o
 .debug_aranges
                0x00000028       0x58 .\CortexM3\ARM_GCC_541\Debug\main.o
 .debug_aranges
                0x00000080       0x78 .\CortexM3\ARM_GCC_541\Debug\cyfitter_cfg.o
 .debug_aranges
                0x000000f8       0x18 .\CortexM3\ARM_GCC_541\Debug\cymetadata.o
 .debug_aranges
                0x00000110       0x48 .\CortexM3\ARM_GCC_541\Debug\Cm3Start.o
 .debug_aranges
                0x00000158      0x2a0 .\CortexM3\ARM_GCC_541\Debug\design1.a(CyLib.o)
 .debug_aranges
                0x000003f8       0x98 .\CortexM3\ARM_GCC_541\Debug\design1.a(cyPm.o)
 .debug_aranges
                0x00000490       0x38 .\CortexM3\ARM_GCC_541\Debug\design1.a(LED2.o)
 .debug_aranges
                0x000004c8       0x38 .\CortexM3\ARM_GCC_541\Debug\design1.a(LED1.o)
 .debug_aranges
                0x00000500       0x38 .\CortexM3\ARM_GCC_541\Debug\design1.a(LED4.o)
 .debug_aranges
                0x00000538       0x98 .\CortexM3\ARM_GCC_541\Debug\design1.a(LCD_Char.o)
 .debug_aranges
                0x000005d0       0x38 .\CortexM3\ARM_GCC_541\Debug\design1.a(ROW0.o)
 .debug_aranges
                0x00000608       0x38 .\CortexM3\ARM_GCC_541\Debug\design1.a(ROW3.o)
 .debug_aranges
                0x00000640       0x38 .\CortexM3\ARM_GCC_541\Debug\design1.a(ROW2.o)
 .debug_aranges
                0x00000678       0x38 .\CortexM3\ARM_GCC_541\Debug\design1.a(ROW1.o)
 .debug_aranges
                0x000006b0       0x38 .\CortexM3\ARM_GCC_541\Debug\design1.a(COL3.o)
 .debug_aranges
                0x000006e8       0x38 .\CortexM3\ARM_GCC_541\Debug\design1.a(COL2.o)
 .debug_aranges
                0x00000720       0x38 .\CortexM3\ARM_GCC_541\Debug\design1.a(COL1.o)
 .debug_aranges
                0x00000758       0xe8 .\CortexM3\ARM_GCC_541\Debug\design1.a(ADC.o)
 .debug_aranges
                0x00000840       0x38 .\CortexM3\ARM_GCC_541\Debug\design1.a(ADC_INT.o)
 .debug_aranges
                0x00000878       0x30 .\CortexM3\ARM_GCC_541\Debug\design1.a(ADC_AMux.o)
 .debug_aranges
                0x000008a8       0x70 .\CortexM3\ARM_GCC_541\Debug\design1.a(ADC_Ext_CP_Clk.o)
 .debug_aranges
                0x00000918       0x80 .\CortexM3\ARM_GCC_541\Debug\design1.a(ADC_theACLK.o)
 .debug_aranges
                0x00000998       0x90 .\CortexM3\ARM_GCC_541\Debug\design1.a(Timer.o)
 .debug_aranges
                0x00000a28       0x38 .\CortexM3\ARM_GCC_541\Debug\design1.a(LED3.o)
 .debug_aranges
                0x00000a60       0xf0 .\CortexM3\ARM_GCC_541\Debug\design1.a(UART.o)
 .debug_aranges
                0x00000b50       0x70 .\CortexM3\ARM_GCC_541\Debug\design1.a(UART_IntClock.o)
 .debug_aranges
                0x00000bc0       0x98 .\CortexM3\ARM_GCC_541\Debug\design1.a(JUMP.o)
 .debug_aranges
                0x00000c58       0x98 .\CortexM3\ARM_GCC_541\Debug\design1.a(DUCK.o)
 .debug_aranges
                0x00000cf0       0x38 .\CortexM3\ARM_GCC_541\Debug\design1.a(SW3.o)
 .debug_aranges
                0x00000d28       0x80 .\CortexM3\ARM_GCC_541\Debug\design1.a(isr_1.o)
 .debug_aranges
                0x00000da8       0x30 .\CortexM3\ARM_GCC_541\Debug\design1.a(AMUX.o)
 .debug_aranges
                0x00000dd8       0x80 .\CortexM3\ARM_GCC_541\Debug\design1.a(isr_RX.o)
 .debug_aranges
                0x00000e58       0x80 .\CortexM3\ARM_GCC_541\Debug\design1.a(isr_sw3.o)
 .debug_aranges
                0x00000ed8       0x80 .\CortexM3\ARM_GCC_541\Debug\design1.a(isr_sw1.o)
 .debug_aranges
                0x00000f58       0x80 .\CortexM3\ARM_GCC_541\Debug\design1.a(isr_sw2.o)
 .debug_aranges
                0x00000fd8       0x58 .\CortexM3\ARM_GCC_541\Debug\design1.a(VDAC.o)
 .debug_aranges
                0x00001030       0x88 .\CortexM3\ARM_GCC_541\Debug\design1.a(Timer_audio.o)
 .debug_aranges
                0x000010b8       0x20 .\CortexM3\ARM_GCC_541\Debug\design1.a(CyBootAsmGnu.o)
 .debug_aranges
                0x000010d8       0x88 .\CortexM3\ARM_GCC_541\Debug\design1.a(CyFlash.o)
 .debug_aranges
                0x00001160       0x80 .\CortexM3\ARM_GCC_541\Debug\design1.a(CySpc.o)

.debug_pubnames
 *(.debug_pubnames)

.debug_info     0x00000000     0x90d2
 *(.debug_info .gnu.linkonce.wi.*)
 .debug_info    0x00000000      0x380 .\CortexM3\ARM_GCC_541\Debug\keypad.o
 .debug_info    0x00000380      0x90d .\CortexM3\ARM_GCC_541\Debug\main.o
 .debug_info    0x00000c8d      0x774 .\CortexM3\ARM_GCC_541\Debug\cyfitter_cfg.o
 .debug_info    0x00001401      0x139 .\CortexM3\ARM_GCC_541\Debug\cymetadata.o
 .debug_info    0x0000153a      0x3bb .\CortexM3\ARM_GCC_541\Debug\Cm3Start.o
 .debug_info    0x000018f5     0x1374 .\CortexM3\ARM_GCC_541\Debug\design1.a(CyLib.o)
 .debug_info    0x00002c69      0xa2a .\CortexM3\ARM_GCC_541\Debug\design1.a(cyPm.o)
 .debug_info    0x00003693      0x11f .\CortexM3\ARM_GCC_541\Debug\design1.a(LED2.o)
 .debug_info    0x000037b2      0x11f .\CortexM3\ARM_GCC_541\Debug\design1.a(LED1.o)
 .debug_info    0x000038d1      0x11f .\CortexM3\ARM_GCC_541\Debug\design1.a(LED4.o)
 .debug_info    0x000039f0      0x715 .\CortexM3\ARM_GCC_541\Debug\design1.a(LCD_Char.o)
 .debug_info    0x00004105      0x11f .\CortexM3\ARM_GCC_541\Debug\design1.a(ROW0.o)
 .debug_info    0x00004224      0x11f .\CortexM3\ARM_GCC_541\Debug\design1.a(ROW3.o)
 .debug_info    0x00004343      0x11f .\CortexM3\ARM_GCC_541\Debug\design1.a(ROW2.o)
 .debug_info    0x00004462      0x11f .\CortexM3\ARM_GCC_541\Debug\design1.a(ROW1.o)
 .debug_info    0x00004581      0x11f .\CortexM3\ARM_GCC_541\Debug\design1.a(COL3.o)
 .debug_info    0x000046a0      0x11f .\CortexM3\ARM_GCC_541\Debug\design1.a(COL2.o)
 .debug_info    0x000047bf      0x11f .\CortexM3\ARM_GCC_541\Debug\design1.a(COL1.o)
 .debug_info    0x000048de      0xbee .\CortexM3\ARM_GCC_541\Debug\design1.a(ADC.o)
 .debug_info    0x000054cc       0xd3 .\CortexM3\ARM_GCC_541\Debug\design1.a(ADC_INT.o)
 .debug_info    0x0000559f      0x165 .\CortexM3\ARM_GCC_541\Debug\design1.a(ADC_AMux.o)
 .debug_info    0x00005704      0x283 .\CortexM3\ARM_GCC_541\Debug\design1.a(ADC_Ext_CP_Clk.o)
 .debug_info    0x00005987      0x2c4 .\CortexM3\ARM_GCC_541\Debug\design1.a(ADC_theACLK.o)
 .debug_info    0x00005c4b      0x2ee .\CortexM3\ARM_GCC_541\Debug\design1.a(Timer.o)
 .debug_info    0x00005f39      0x11f .\CortexM3\ARM_GCC_541\Debug\design1.a(LED3.o)
 .debug_info    0x00006058      0x60c .\CortexM3\ARM_GCC_541\Debug\design1.a(UART.o)
 .debug_info    0x00006664      0x283 .\CortexM3\ARM_GCC_541\Debug\design1.a(UART_IntClock.o)
 .debug_info    0x000068e7      0x354 .\CortexM3\ARM_GCC_541\Debug\design1.a(JUMP.o)
 .debug_info    0x00006c3b      0x354 .\CortexM3\ARM_GCC_541\Debug\design1.a(DUCK.o)
 .debug_info    0x00006f8f      0x11f .\CortexM3\ARM_GCC_541\Debug\design1.a(SW3.o)
 .debug_info    0x000070ae      0x2d2 .\CortexM3\ARM_GCC_541\Debug\design1.a(isr_1.o)
 .debug_info    0x00007380      0x165 .\CortexM3\ARM_GCC_541\Debug\design1.a(AMUX.o)
 .debug_info    0x000074e5      0x2d2 .\CortexM3\ARM_GCC_541\Debug\design1.a(isr_RX.o)
 .debug_info    0x000077b7      0x2d2 .\CortexM3\ARM_GCC_541\Debug\design1.a(isr_sw3.o)
 .debug_info    0x00007a89      0x2d2 .\CortexM3\ARM_GCC_541\Debug\design1.a(isr_sw1.o)
 .debug_info    0x00007d5b      0x2d2 .\CortexM3\ARM_GCC_541\Debug\design1.a(isr_sw2.o)
 .debug_info    0x0000802d      0x1e0 .\CortexM3\ARM_GCC_541\Debug\design1.a(VDAC.o)
 .debug_info    0x0000820d      0x295 .\CortexM3\ARM_GCC_541\Debug\design1.a(Timer_audio.o)
 .debug_info    0x000084a2       0x93 .\CortexM3\ARM_GCC_541\Debug\design1.a(CyBootAsmGnu.o)
 .debug_info    0x00008535      0x64d .\CortexM3\ARM_GCC_541\Debug\design1.a(CyFlash.o)
 .debug_info    0x00008b82      0x550 .\CortexM3\ARM_GCC_541\Debug\design1.a(CySpc.o)

.debug_abbrev   0x00000000     0x2bd3
 *(.debug_abbrev)
 .debug_abbrev  0x00000000       0xc5 .\CortexM3\ARM_GCC_541\Debug\keypad.o
 .debug_abbrev  0x000000c5      0x1a5 .\CortexM3\ARM_GCC_541\Debug\main.o
 .debug_abbrev  0x0000026a      0x22d .\CortexM3\ARM_GCC_541\Debug\cyfitter_cfg.o
 .debug_abbrev  0x00000497       0x77 .\CortexM3\ARM_GCC_541\Debug\cymetadata.o
 .debug_abbrev  0x0000050e      0x1e8 .\CortexM3\ARM_GCC_541\Debug\Cm3Start.o
 .debug_abbrev  0x000006f6      0x254 .\CortexM3\ARM_GCC_541\Debug\design1.a(CyLib.o)
 .debug_abbrev  0x0000094a      0x1ab .\CortexM3\ARM_GCC_541\Debug\design1.a(cyPm.o)
 .debug_abbrev  0x00000af5       0x90 .\CortexM3\ARM_GCC_541\Debug\design1.a(LED2.o)
 .debug_abbrev  0x00000b85       0x90 .\CortexM3\ARM_GCC_541\Debug\design1.a(LED1.o)
 .debug_abbrev  0x00000c15       0x90 .\CortexM3\ARM_GCC_541\Debug\design1.a(LED4.o)
 .debug_abbrev  0x00000ca5      0x157 .\CortexM3\ARM_GCC_541\Debug\design1.a(LCD_Char.o)
 .debug_abbrev  0x00000dfc       0x90 .\CortexM3\ARM_GCC_541\Debug\design1.a(ROW0.o)
 .debug_abbrev  0x00000e8c       0x90 .\CortexM3\ARM_GCC_541\Debug\design1.a(ROW3.o)
 .debug_abbrev  0x00000f1c       0x90 .\CortexM3\ARM_GCC_541\Debug\design1.a(ROW2.o)
 .debug_abbrev  0x00000fac       0x90 .\CortexM3\ARM_GCC_541\Debug\design1.a(ROW1.o)
 .debug_abbrev  0x0000103c       0x90 .\CortexM3\ARM_GCC_541\Debug\design1.a(COL3.o)
 .debug_abbrev  0x000010cc       0x90 .\CortexM3\ARM_GCC_541\Debug\design1.a(COL2.o)
 .debug_abbrev  0x0000115c       0x90 .\CortexM3\ARM_GCC_541\Debug\design1.a(COL1.o)
 .debug_abbrev  0x000011ec      0x1eb .\CortexM3\ARM_GCC_541\Debug\design1.a(ADC.o)
 .debug_abbrev  0x000013d7       0x42 .\CortexM3\ARM_GCC_541\Debug\design1.a(ADC_INT.o)
 .debug_abbrev  0x00001419       0xb1 .\CortexM3\ARM_GCC_541\Debug\design1.a(ADC_AMux.o)
 .debug_abbrev  0x000014ca      0x139 .\CortexM3\ARM_GCC_541\Debug\design1.a(ADC_Ext_CP_Clk.o)
 .debug_abbrev  0x00001603      0x121 .\CortexM3\ARM_GCC_541\Debug\design1.a(ADC_theACLK.o)
 .debug_abbrev  0x00001724      0x12b .\CortexM3\ARM_GCC_541\Debug\design1.a(Timer.o)
 .debug_abbrev  0x0000184f       0x90 .\CortexM3\ARM_GCC_541\Debug\design1.a(LED3.o)
 .debug_abbrev  0x000018df      0x175 .\CortexM3\ARM_GCC_541\Debug\design1.a(UART.o)
 .debug_abbrev  0x00001a54      0x139 .\CortexM3\ARM_GCC_541\Debug\design1.a(UART_IntClock.o)
 .debug_abbrev  0x00001b8d      0x133 .\CortexM3\ARM_GCC_541\Debug\design1.a(JUMP.o)
 .debug_abbrev  0x00001cc0      0x133 .\CortexM3\ARM_GCC_541\Debug\design1.a(DUCK.o)
 .debug_abbrev  0x00001df3       0x90 .\CortexM3\ARM_GCC_541\Debug\design1.a(SW3.o)
 .debug_abbrev  0x00001e83      0x173 .\CortexM3\ARM_GCC_541\Debug\design1.a(isr_1.o)
 .debug_abbrev  0x00001ff6       0xb1 .\CortexM3\ARM_GCC_541\Debug\design1.a(AMUX.o)
 .debug_abbrev  0x000020a7      0x173 .\CortexM3\ARM_GCC_541\Debug\design1.a(isr_RX.o)
 .debug_abbrev  0x0000221a      0x173 .\CortexM3\ARM_GCC_541\Debug\design1.a(isr_sw3.o)
 .debug_abbrev  0x0000238d      0x173 .\CortexM3\ARM_GCC_541\Debug\design1.a(isr_sw1.o)
 .debug_abbrev  0x00002500      0x173 .\CortexM3\ARM_GCC_541\Debug\design1.a(isr_sw2.o)
 .debug_abbrev  0x00002673       0xf7 .\CortexM3\ARM_GCC_541\Debug\design1.a(VDAC.o)
 .debug_abbrev  0x0000276a      0x11a .\CortexM3\ARM_GCC_541\Debug\design1.a(Timer_audio.o)
 .debug_abbrev  0x00002884       0x14 .\CortexM3\ARM_GCC_541\Debug\design1.a(CyBootAsmGnu.o)
 .debug_abbrev  0x00002898      0x1a7 .\CortexM3\ARM_GCC_541\Debug\design1.a(CyFlash.o)
 .debug_abbrev  0x00002a3f      0x194 .\CortexM3\ARM_GCC_541\Debug\design1.a(CySpc.o)

.debug_line     0x00000000     0x3e3a
 *(.debug_line)
 .debug_line    0x00000000      0x1ec .\CortexM3\ARM_GCC_541\Debug\keypad.o
 .debug_line    0x000001ec      0x3db .\CortexM3\ARM_GCC_541\Debug\main.o
 .debug_line    0x000005c7      0x255 .\CortexM3\ARM_GCC_541\Debug\cyfitter_cfg.o
 .debug_line    0x0000081c      0x141 .\CortexM3\ARM_GCC_541\Debug\cymetadata.o
 .debug_line    0x0000095d      0x234 .\CortexM3\ARM_GCC_541\Debug\Cm3Start.o
 .debug_line    0x00000b91      0x816 .\CortexM3\ARM_GCC_541\Debug\design1.a(CyLib.o)
 .debug_line    0x000013a7      0x367 .\CortexM3\ARM_GCC_541\Debug\design1.a(cyPm.o)
 .debug_line    0x0000170e       0x91 .\CortexM3\ARM_GCC_541\Debug\design1.a(LED2.o)
 .debug_line    0x0000179f       0x91 .\CortexM3\ARM_GCC_541\Debug\design1.a(LED1.o)
 .debug_line    0x00001830       0x91 .\CortexM3\ARM_GCC_541\Debug\design1.a(LED4.o)
 .debug_line    0x000018c1      0x1e1 .\CortexM3\ARM_GCC_541\Debug\design1.a(LCD_Char.o)
 .debug_line    0x00001aa2       0x91 .\CortexM3\ARM_GCC_541\Debug\design1.a(ROW0.o)
 .debug_line    0x00001b33       0x91 .\CortexM3\ARM_GCC_541\Debug\design1.a(ROW3.o)
 .debug_line    0x00001bc4       0x91 .\CortexM3\ARM_GCC_541\Debug\design1.a(ROW2.o)
 .debug_line    0x00001c55       0x91 .\CortexM3\ARM_GCC_541\Debug\design1.a(ROW1.o)
 .debug_line    0x00001ce6       0x91 .\CortexM3\ARM_GCC_541\Debug\design1.a(COL3.o)
 .debug_line    0x00001d77       0x91 .\CortexM3\ARM_GCC_541\Debug\design1.a(COL2.o)
 .debug_line    0x00001e08       0x91 .\CortexM3\ARM_GCC_541\Debug\design1.a(COL1.o)
 .debug_line    0x00001e99      0x3c1 .\CortexM3\ARM_GCC_541\Debug\design1.a(ADC.o)
 .debug_line    0x0000225a       0x80 .\CortexM3\ARM_GCC_541\Debug\design1.a(ADC_INT.o)
 .debug_line    0x000022da       0xac .\CortexM3\ARM_GCC_541\Debug\design1.a(ADC_AMux.o)
 .debug_line    0x00002386      0x17d .\CortexM3\ARM_GCC_541\Debug\design1.a(ADC_Ext_CP_Clk.o)
 .debug_line    0x00002503      0x19d .\CortexM3\ARM_GCC_541\Debug\design1.a(ADC_theACLK.o)
 .debug_line    0x000026a0      0x170 .\CortexM3\ARM_GCC_541\Debug\design1.a(Timer.o)
 .debug_line    0x00002810       0x91 .\CortexM3\ARM_GCC_541\Debug\design1.a(LED3.o)
 .debug_line    0x000028a1      0x2bc .\CortexM3\ARM_GCC_541\Debug\design1.a(UART.o)
 .debug_line    0x00002b5d      0x17c .\CortexM3\ARM_GCC_541\Debug\design1.a(UART_IntClock.o)
 .debug_line    0x00002cd9      0x187 .\CortexM3\ARM_GCC_541\Debug\design1.a(JUMP.o)
 .debug_line    0x00002e60      0x187 .\CortexM3\ARM_GCC_541\Debug\design1.a(DUCK.o)
 .debug_line    0x00002fe7       0x90 .\CortexM3\ARM_GCC_541\Debug\design1.a(SW3.o)
 .debug_line    0x00003077      0x132 .\CortexM3\ARM_GCC_541\Debug\design1.a(isr_1.o)
 .debug_line    0x000031a9       0xa8 .\CortexM3\ARM_GCC_541\Debug\design1.a(AMUX.o)
 .debug_line    0x00003251      0x133 .\CortexM3\ARM_GCC_541\Debug\design1.a(isr_RX.o)
 .debug_line    0x00003384      0x134 .\CortexM3\ARM_GCC_541\Debug\design1.a(isr_sw3.o)
 .debug_line    0x000034b8      0x134 .\CortexM3\ARM_GCC_541\Debug\design1.a(isr_sw1.o)
 .debug_line    0x000035ec      0x134 .\CortexM3\ARM_GCC_541\Debug\design1.a(isr_sw2.o)
 .debug_line    0x00003720       0xe1 .\CortexM3\ARM_GCC_541\Debug\design1.a(VDAC.o)
 .debug_line    0x00003801      0x159 .\CortexM3\ARM_GCC_541\Debug\design1.a(Timer_audio.o)
 .debug_line    0x0000395a       0x66 .\CortexM3\ARM_GCC_541\Debug\design1.a(CyBootAsmGnu.o)
 .debug_line    0x000039c0      0x21a .\CortexM3\ARM_GCC_541\Debug\design1.a(CyFlash.o)
 .debug_line    0x00003bda      0x260 .\CortexM3\ARM_GCC_541\Debug\design1.a(CySpc.o)

.debug_frame    0x00000000     0x2af8
 *(.debug_frame)
 .debug_frame   0x00000000       0x48 .\CortexM3\ARM_GCC_541\Debug\keypad.o
 .debug_frame   0x00000048      0x104 .\CortexM3\ARM_GCC_541\Debug\main.o
 .debug_frame   0x0000014c      0x13c .\CortexM3\ARM_GCC_541\Debug\cyfitter_cfg.o
 .debug_frame   0x00000288       0xb8 .\CortexM3\ARM_GCC_541\Debug\Cm3Start.o
 .debug_frame   0x00000340      0x738 .\CortexM3\ARM_GCC_541\Debug\design1.a(CyLib.o)
 .debug_frame   0x00000a78      0x1f8 .\CortexM3\ARM_GCC_541\Debug\design1.a(cyPm.o)
 .debug_frame   0x00000c70       0x50 .\CortexM3\ARM_GCC_541\Debug\design1.a(LED2.o)
 .debug_frame   0x00000cc0       0x50 .\CortexM3\ARM_GCC_541\Debug\design1.a(LED1.o)
 .debug_frame   0x00000d10       0x50 .\CortexM3\ARM_GCC_541\Debug\design1.a(LED4.o)
 .debug_frame   0x00000d60      0x1e8 .\CortexM3\ARM_GCC_541\Debug\design1.a(LCD_Char.o)
 .debug_frame   0x00000f48       0x50 .\CortexM3\ARM_GCC_541\Debug\design1.a(ROW0.o)
 .debug_frame   0x00000f98       0x50 .\CortexM3\ARM_GCC_541\Debug\design1.a(ROW3.o)
 .debug_frame   0x00000fe8       0x50 .\CortexM3\ARM_GCC_541\Debug\design1.a(ROW2.o)
 .debug_frame   0x00001038       0x50 .\CortexM3\ARM_GCC_541\Debug\design1.a(ROW1.o)
 .debug_frame   0x00001088       0x50 .\CortexM3\ARM_GCC_541\Debug\design1.a(COL3.o)
 .debug_frame   0x000010d8       0x50 .\CortexM3\ARM_GCC_541\Debug\design1.a(COL2.o)
 .debug_frame   0x00001128       0x50 .\CortexM3\ARM_GCC_541\Debug\design1.a(COL1.o)
 .debug_frame   0x00001178      0x284 .\CortexM3\ARM_GCC_541\Debug\design1.a(ADC.o)
 .debug_frame   0x000013fc       0x50 .\CortexM3\ARM_GCC_541\Debug\design1.a(ADC_INT.o)
 .debug_frame   0x0000144c       0x64 .\CortexM3\ARM_GCC_541\Debug\design1.a(ADC_AMux.o)
 .debug_frame   0x000014b0       0xe0 .\CortexM3\ARM_GCC_541\Debug\design1.a(ADC_Ext_CP_Clk.o)
 .debug_frame   0x00001590      0x100 .\CortexM3\ARM_GCC_541\Debug\design1.a(ADC_theACLK.o)
 .debug_frame   0x00001690      0x124 .\CortexM3\ARM_GCC_541\Debug\design1.a(Timer.o)
 .debug_frame   0x000017b4       0x50 .\CortexM3\ARM_GCC_541\Debug\design1.a(LED3.o)
 .debug_frame   0x00001804      0x250 .\CortexM3\ARM_GCC_541\Debug\design1.a(UART.o)
 .debug_frame   0x00001a54       0xe0 .\CortexM3\ARM_GCC_541\Debug\design1.a(UART_IntClock.o)
 .debug_frame   0x00001b34      0x134 .\CortexM3\ARM_GCC_541\Debug\design1.a(JUMP.o)
 .debug_frame   0x00001c68      0x134 .\CortexM3\ARM_GCC_541\Debug\design1.a(DUCK.o)
 .debug_frame   0x00001d9c       0x50 .\CortexM3\ARM_GCC_541\Debug\design1.a(SW3.o)
 .debug_frame   0x00001dec      0x104 .\CortexM3\ARM_GCC_541\Debug\design1.a(isr_1.o)
 .debug_frame   0x00001ef0       0x64 .\CortexM3\ARM_GCC_541\Debug\design1.a(AMUX.o)
 .debug_frame   0x00001f54      0x104 .\CortexM3\ARM_GCC_541\Debug\design1.a(isr_RX.o)
 .debug_frame   0x00002058      0x104 .\CortexM3\ARM_GCC_541\Debug\design1.a(isr_sw3.o)
 .debug_frame   0x0000215c      0x104 .\CortexM3\ARM_GCC_541\Debug\design1.a(isr_sw1.o)
 .debug_frame   0x00002260      0x104 .\CortexM3\ARM_GCC_541\Debug\design1.a(isr_sw2.o)
 .debug_frame   0x00002364       0xb4 .\CortexM3\ARM_GCC_541\Debug\design1.a(VDAC.o)
 .debug_frame   0x00002418      0x108 .\CortexM3\ARM_GCC_541\Debug\design1.a(Timer_audio.o)
 .debug_frame   0x00002520      0x194 .\CortexM3\ARM_GCC_541\Debug\design1.a(CyFlash.o)
 .debug_frame   0x000026b4      0x180 .\CortexM3\ARM_GCC_541\Debug\design1.a(CySpc.o)
 .debug_frame   0x00002834       0x38 c:/program files (x86)/cypress/psoc creator/4.4/psoc creator/import/gnu/arm/5.4.1/bin/../lib/gcc/arm-none-eabi/5.4.1/../../../../arm-none-eabi/lib/armv7-m\libm.a(lib_a-s_sin.o)
 .debug_frame   0x0000286c       0x48 c:/program files (x86)/cypress/psoc creator/4.4/psoc creator/import/gnu/arm/5.4.1/bin/../lib/gcc/arm-none-eabi/5.4.1/../../../../arm-none-eabi/lib/armv7-m\libm.a(lib_a-e_rem_pio2.o)
 .debug_frame   0x000028b4       0x4c c:/program files (x86)/cypress/psoc creator/4.4/psoc creator/import/gnu/arm/5.4.1/bin/../lib/gcc/arm-none-eabi/5.4.1/../../../../arm-none-eabi/lib/armv7-m\libm.a(lib_a-k_cos.o)
 .debug_frame   0x00002900       0x50 c:/program files (x86)/cypress/psoc creator/4.4/psoc creator/import/gnu/arm/5.4.1/bin/../lib/gcc/arm-none-eabi/5.4.1/../../../../arm-none-eabi/lib/armv7-m\libm.a(lib_a-k_rem_pio2.o)
 .debug_frame   0x00002950       0x48 c:/program files (x86)/cypress/psoc creator/4.4/psoc creator/import/gnu/arm/5.4.1/bin/../lib/gcc/arm-none-eabi/5.4.1/../../../../arm-none-eabi/lib/armv7-m\libm.a(lib_a-k_sin.o)
 .debug_frame   0x00002998       0x20 c:/program files (x86)/cypress/psoc creator/4.4/psoc creator/import/gnu/arm/5.4.1/bin/../lib/gcc/arm-none-eabi/5.4.1/../../../../arm-none-eabi/lib/armv7-m\libm.a(lib_a-s_fabs.o)
 .debug_frame   0x000029b8       0x34 c:/program files (x86)/cypress/psoc creator/4.4/psoc creator/import/gnu/arm/5.4.1/bin/../lib/gcc/arm-none-eabi/5.4.1/../../../../arm-none-eabi/lib/armv7-m\libm.a(lib_a-s_floor.o)
 .debug_frame   0x000029ec       0x30 c:/program files (x86)/cypress/psoc creator/4.4/psoc creator/import/gnu/arm/5.4.1/bin/../lib/gcc/arm-none-eabi/5.4.1/../../../../arm-none-eabi/lib/armv7-m\libm.a(lib_a-s_scalbn.o)
 .debug_frame   0x00002a1c       0x20 c:/program files (x86)/cypress/psoc creator/4.4/psoc creator/import/gnu/arm/5.4.1/bin/../lib/gcc/arm-none-eabi/5.4.1/../../../../arm-none-eabi/lib/armv7-m\libm.a(lib_a-s_copysign.o)
 .debug_frame   0x00002a3c       0x20 c:/program files (x86)/cypress/psoc creator/4.4/psoc creator/import/gnu/arm/5.4.1/bin/../lib/gcc/arm-none-eabi/5.4.1/../../../../arm-none-eabi/lib/armv7-m\libg_nano.a(lib_a-errno.o)
 .debug_frame   0x00002a5c       0x28 c:/program files (x86)/cypress/psoc creator/4.4/psoc creator/import/gnu/arm/5.4.1/bin/../lib/gcc/arm-none-eabi/5.4.1/../../../../arm-none-eabi/lib/armv7-m\libg_nano.a(lib_a-exit.o)
 .debug_frame   0x00002a84       0x2c c:/program files (x86)/cypress/psoc creator/4.4/psoc creator/import/gnu/arm/5.4.1/bin/../lib/gcc/arm-none-eabi/5.4.1/../../../../arm-none-eabi/lib/armv7-m\libg_nano.a(lib_a-init.o)
 .debug_frame   0x00002ab0       0x28 c:/program files (x86)/cypress/psoc creator/4.4/psoc creator/import/gnu/arm/5.4.1/bin/../lib/gcc/arm-none-eabi/5.4.1/../../../../arm-none-eabi/lib/armv7-m\libg_nano.a(lib_a-memcpy-stub.o)
 .debug_frame   0x00002ad8       0x20 c:/program files (x86)/cypress/psoc creator/4.4/psoc creator/import/gnu/arm/5.4.1/bin/../lib/gcc/arm-none-eabi/5.4.1/../../../../arm-none-eabi/lib/armv7-m\libg_nano.a(lib_a-memset.o)

.debug_str      0x00000000     0x2ff3
 *(.debug_str)
 .debug_str     0x00000000      0x1cf .\CortexM3\ARM_GCC_541\Debug\keypad.o
                                0x21f (size before relaxing)
 .debug_str     0x000001cf      0x2bb .\CortexM3\ARM_GCC_541\Debug\main.o
                                0x4ae (size before relaxing)
 .debug_str     0x0000048a      0x223 .\CortexM3\ARM_GCC_541\Debug\cyfitter_cfg.o
                                0x3c7 (size before relaxing)
 .debug_str     0x000006ad       0x75 .\CortexM3\ARM_GCC_541\Debug\cymetadata.o
                                0x1e7 (size before relaxing)
 .debug_str     0x00000722      0x144 .\CortexM3\ARM_GCC_541\Debug\Cm3Start.o
                                0x30d (size before relaxing)
 .debug_str     0x00000866      0x83d .\CortexM3\ARM_GCC_541\Debug\design1.a(CyLib.o)
                                0xa4a (size before relaxing)
 .debug_str     0x000010a3      0x365 .\CortexM3\ARM_GCC_541\Debug\design1.a(cyPm.o)
                                0x736 (size before relaxing)
 .debug_str     0x00001408       0x56 .\CortexM3\ARM_GCC_541\Debug\design1.a(LED2.o)
                                0x1e0 (size before relaxing)
 .debug_str     0x0000145e       0x4b .\CortexM3\ARM_GCC_541\Debug\design1.a(LED1.o)
                                0x1e0 (size before relaxing)
 .debug_str     0x000014a9       0x4b .\CortexM3\ARM_GCC_541\Debug\design1.a(LED4.o)
                                0x1e0 (size before relaxing)
 .debug_str     0x000014f4      0x153 .\CortexM3\ARM_GCC_541\Debug\design1.a(LCD_Char.o)
                                0x392 (size before relaxing)
 .debug_str     0x00001647       0x4c .\CortexM3\ARM_GCC_541\Debug\design1.a(ROW0.o)
                                0x1e0 (size before relaxing)
 .debug_str     0x00001693       0x4c .\CortexM3\ARM_GCC_541\Debug\design1.a(ROW3.o)
                                0x1e0 (size before relaxing)
 .debug_str     0x000016df       0x4c .\CortexM3\ARM_GCC_541\Debug\design1.a(ROW2.o)
                                0x1e0 (size before relaxing)
 .debug_str     0x0000172b       0x4c .\CortexM3\ARM_GCC_541\Debug\design1.a(ROW1.o)
                                0x1e0 (size before relaxing)
 .debug_str     0x00001777       0x4b .\CortexM3\ARM_GCC_541\Debug\design1.a(COL3.o)
                                0x1e0 (size before relaxing)
 .debug_str     0x000017c2       0x4b .\CortexM3\ARM_GCC_541\Debug\design1.a(COL2.o)
                                0x1e0 (size before relaxing)
 .debug_str     0x0000180d       0x4b .\CortexM3\ARM_GCC_541\Debug\design1.a(COL1.o)
                                0x1e0 (size before relaxing)
 .debug_str     0x00001858      0x333 .\CortexM3\ARM_GCC_541\Debug\design1.a(ADC.o)
                                0x5cc (size before relaxing)
 .debug_str     0x00001b8b       0x45 .\CortexM3\ARM_GCC_541\Debug\design1.a(ADC_INT.o)
                                0x1c3 (size before relaxing)
 .debug_str     0x00001bd0       0x5f .\CortexM3\ARM_GCC_541\Debug\design1.a(ADC_AMux.o)
                                0x202 (size before relaxing)
 .debug_str     0x00001c2f      0x16d .\CortexM3\ARM_GCC_541\Debug\design1.a(ADC_Ext_CP_Clk.o)
                                0x345 (size before relaxing)
 .debug_str     0x00001d9c      0x14f .\CortexM3\ARM_GCC_541\Debug\design1.a(ADC_theACLK.o)
                                0x364 (size before relaxing)
 .debug_str     0x00001eeb      0x164 .\CortexM3\ARM_GCC_541\Debug\design1.a(Timer.o)
                                0x33e (size before relaxing)
 .debug_str     0x0000204f       0x4b .\CortexM3\ARM_GCC_541\Debug\design1.a(LED3.o)
                                0x1e0 (size before relaxing)
 .debug_str     0x0000209a      0x23d .\CortexM3\ARM_GCC_541\Debug\design1.a(UART.o)
                                0x478 (size before relaxing)
 .debug_str     0x000022d7      0x138 .\CortexM3\ARM_GCC_541\Debug\design1.a(UART_IntClock.o)
                                0x339 (size before relaxing)
 .debug_str     0x0000240f      0x142 .\CortexM3\ARM_GCC_541\Debug\design1.a(JUMP.o)
                                0x34e (size before relaxing)
 .debug_str     0x00002551      0x135 .\CortexM3\ARM_GCC_541\Debug\design1.a(DUCK.o)
                                0x34e (size before relaxing)
 .debug_str     0x00002686       0x48 .\CortexM3\ARM_GCC_541\Debug\design1.a(SW3.o)
                                0x1db (size before relaxing)
 .debug_str     0x000026ce       0xd8 .\CortexM3\ARM_GCC_541\Debug\design1.a(isr_1.o)
                                0x2a9 (size before relaxing)
 .debug_str     0x000027a6       0x3f .\CortexM3\ARM_GCC_541\Debug\design1.a(AMUX.o)
                                0x1e6 (size before relaxing)
 .debug_str     0x000027e5       0xe5 .\CortexM3\ARM_GCC_541\Debug\design1.a(isr_RX.o)
                                0x2b7 (size before relaxing)
 .debug_str     0x000028ca       0xf2 .\CortexM3\ARM_GCC_541\Debug\design1.a(isr_sw3.o)
                                0x2c5 (size before relaxing)
 .debug_str     0x000029bc       0xf2 .\CortexM3\ARM_GCC_541\Debug\design1.a(isr_sw1.o)
                                0x2c5 (size before relaxing)
 .debug_str     0x00002aae       0xf2 .\CortexM3\ARM_GCC_541\Debug\design1.a(isr_sw2.o)
                                0x2c5 (size before relaxing)
 .debug_str     0x00002ba0       0x80 .\CortexM3\ARM_GCC_541\Debug\design1.a(VDAC.o)
                                0x218 (size before relaxing)
 .debug_str     0x00002c20      0x16c .\CortexM3\ARM_GCC_541\Debug\design1.a(Timer_audio.o)
                                0x358 (size before relaxing)
 .debug_str     0x00002d8c      0x1bb .\CortexM3\ARM_GCC_541\Debug\design1.a(CyFlash.o)
                                0x3c3 (size before relaxing)
 .debug_str     0x00002f47       0xac .\CortexM3\ARM_GCC_541\Debug\design1.a(CySpc.o)
                                0x33b (size before relaxing)

.debug_loc      0x00000000     0x3318
 *(.debug_loc)
 .debug_loc     0x00000000      0x128 .\CortexM3\ARM_GCC_541\Debug\main.o
 .debug_loc     0x00000128      0x34a .\CortexM3\ARM_GCC_541\Debug\cyfitter_cfg.o
 .debug_loc     0x00000472      0x144 .\CortexM3\ARM_GCC_541\Debug\Cm3Start.o
 .debug_loc     0x000005b6      0xa11 .\CortexM3\ARM_GCC_541\Debug\design1.a(CyLib.o)
 .debug_loc     0x00000fc7      0x1e4 .\CortexM3\ARM_GCC_541\Debug\design1.a(cyPm.o)
 .debug_loc     0x000011ab       0x42 .\CortexM3\ARM_GCC_541\Debug\design1.a(LED2.o)
 .debug_loc     0x000011ed       0x42 .\CortexM3\ARM_GCC_541\Debug\design1.a(LED1.o)
 .debug_loc     0x0000122f       0x42 .\CortexM3\ARM_GCC_541\Debug\design1.a(LED4.o)
 .debug_loc     0x00001271      0x3c6 .\CortexM3\ARM_GCC_541\Debug\design1.a(LCD_Char.o)
 .debug_loc     0x00001637       0x42 .\CortexM3\ARM_GCC_541\Debug\design1.a(ROW0.o)
 .debug_loc     0x00001679       0x42 .\CortexM3\ARM_GCC_541\Debug\design1.a(ROW3.o)
 .debug_loc     0x000016bb       0x42 .\CortexM3\ARM_GCC_541\Debug\design1.a(ROW2.o)
 .debug_loc     0x000016fd       0x42 .\CortexM3\ARM_GCC_541\Debug\design1.a(ROW1.o)
 .debug_loc     0x0000173f       0x42 .\CortexM3\ARM_GCC_541\Debug\design1.a(COL3.o)
 .debug_loc     0x00001781       0x42 .\CortexM3\ARM_GCC_541\Debug\design1.a(COL2.o)
 .debug_loc     0x000017c3       0x42 .\CortexM3\ARM_GCC_541\Debug\design1.a(COL1.o)
 .debug_loc     0x00001805      0x681 .\CortexM3\ARM_GCC_541\Debug\design1.a(ADC.o)
 .debug_loc     0x00001e86       0x6c .\CortexM3\ARM_GCC_541\Debug\design1.a(ADC_AMux.o)
 .debug_loc     0x00001ef2      0x12c .\CortexM3\ARM_GCC_541\Debug\design1.a(ADC_Ext_CP_Clk.o)
 .debug_loc     0x0000201e      0x14d .\CortexM3\ARM_GCC_541\Debug\design1.a(ADC_theACLK.o)
 .debug_loc     0x0000216b       0x13 .\CortexM3\ARM_GCC_541\Debug\design1.a(Timer.o)
 .debug_loc     0x0000217e       0x42 .\CortexM3\ARM_GCC_541\Debug\design1.a(LED3.o)
 .debug_loc     0x000021c0      0x258 .\CortexM3\ARM_GCC_541\Debug\design1.a(UART.o)
 .debug_loc     0x00002418      0x128 .\CortexM3\ARM_GCC_541\Debug\design1.a(UART_IntClock.o)
 .debug_loc     0x00002540       0x26 .\CortexM3\ARM_GCC_541\Debug\design1.a(JUMP.o)
 .debug_loc     0x00002566       0x26 .\CortexM3\ARM_GCC_541\Debug\design1.a(DUCK.o)
 .debug_loc     0x0000258c       0x42 .\CortexM3\ARM_GCC_541\Debug\design1.a(SW3.o)
 .debug_loc     0x000025ce       0x56 .\CortexM3\ARM_GCC_541\Debug\design1.a(isr_1.o)
 .debug_loc     0x00002624       0x6c .\CortexM3\ARM_GCC_541\Debug\design1.a(AMUX.o)
 .debug_loc     0x00002690       0x56 .\CortexM3\ARM_GCC_541\Debug\design1.a(isr_RX.o)
 .debug_loc     0x000026e6       0x56 .\CortexM3\ARM_GCC_541\Debug\design1.a(isr_sw3.o)
 .debug_loc     0x0000273c       0x56 .\CortexM3\ARM_GCC_541\Debug\design1.a(isr_sw1.o)
 .debug_loc     0x00002792       0x56 .\CortexM3\ARM_GCC_541\Debug\design1.a(isr_sw2.o)
 .debug_loc     0x000027e8       0x79 .\CortexM3\ARM_GCC_541\Debug\design1.a(VDAC.o)
 .debug_loc     0x00002861      0x3b2 .\CortexM3\ARM_GCC_541\Debug\design1.a(CyFlash.o)
 .debug_loc     0x00002c13      0x705 .\CortexM3\ARM_GCC_541\Debug\design1.a(CySpc.o)

.debug_macinfo
 *(.debug_macinfo)

.debug_ranges   0x00000000      0xf68
 *(.debug_ranges)
 .debug_ranges  0x00000000       0x18 .\CortexM3\ARM_GCC_541\Debug\keypad.o
 .debug_ranges  0x00000018       0x78 .\CortexM3\ARM_GCC_541\Debug\main.o
 .debug_ranges  0x00000090       0x68 .\CortexM3\ARM_GCC_541\Debug\cyfitter_cfg.o
 .debug_ranges  0x000000f8       0x38 .\CortexM3\ARM_GCC_541\Debug\Cm3Start.o
 .debug_ranges  0x00000130      0x290 .\CortexM3\ARM_GCC_541\Debug\design1.a(CyLib.o)
 .debug_ranges  0x000003c0       0x88 .\CortexM3\ARM_GCC_541\Debug\design1.a(cyPm.o)
 .debug_ranges  0x00000448       0x28 .\CortexM3\ARM_GCC_541\Debug\design1.a(LED2.o)
 .debug_ranges  0x00000470       0x28 .\CortexM3\ARM_GCC_541\Debug\design1.a(LED1.o)
 .debug_ranges  0x00000498       0x28 .\CortexM3\ARM_GCC_541\Debug\design1.a(LED4.o)
 .debug_ranges  0x000004c0       0x88 .\CortexM3\ARM_GCC_541\Debug\design1.a(LCD_Char.o)
 .debug_ranges  0x00000548       0x28 .\CortexM3\ARM_GCC_541\Debug\design1.a(ROW0.o)
 .debug_ranges  0x00000570       0x28 .\CortexM3\ARM_GCC_541\Debug\design1.a(ROW3.o)
 .debug_ranges  0x00000598       0x28 .\CortexM3\ARM_GCC_541\Debug\design1.a(ROW2.o)
 .debug_ranges  0x000005c0       0x28 .\CortexM3\ARM_GCC_541\Debug\design1.a(ROW1.o)
 .debug_ranges  0x000005e8       0x28 .\CortexM3\ARM_GCC_541\Debug\design1.a(COL3.o)
 .debug_ranges  0x00000610       0x28 .\CortexM3\ARM_GCC_541\Debug\design1.a(COL2.o)
 .debug_ranges  0x00000638       0x28 .\CortexM3\ARM_GCC_541\Debug\design1.a(COL1.o)
 .debug_ranges  0x00000660       0xd8 .\CortexM3\ARM_GCC_541\Debug\design1.a(ADC.o)
 .debug_ranges  0x00000738       0x28 .\CortexM3\ARM_GCC_541\Debug\design1.a(ADC_INT.o)
 .debug_ranges  0x00000760       0x20 .\CortexM3\ARM_GCC_541\Debug\design1.a(ADC_AMux.o)
 .debug_ranges  0x00000780       0x60 .\CortexM3\ARM_GCC_541\Debug\design1.a(ADC_Ext_CP_Clk.o)
 .debug_ranges  0x000007e0       0x70 .\CortexM3\ARM_GCC_541\Debug\design1.a(ADC_theACLK.o)
 .debug_ranges  0x00000850       0x80 .\CortexM3\ARM_GCC_541\Debug\design1.a(Timer.o)
 .debug_ranges  0x000008d0       0x28 .\CortexM3\ARM_GCC_541\Debug\design1.a(LED3.o)
 .debug_ranges  0x000008f8       0xe0 .\CortexM3\ARM_GCC_541\Debug\design1.a(UART.o)
 .debug_ranges  0x000009d8       0x60 .\CortexM3\ARM_GCC_541\Debug\design1.a(UART_IntClock.o)
 .debug_ranges  0x00000a38       0x88 .\CortexM3\ARM_GCC_541\Debug\design1.a(JUMP.o)
 .debug_ranges  0x00000ac0       0x88 .\CortexM3\ARM_GCC_541\Debug\design1.a(DUCK.o)
 .debug_ranges  0x00000b48       0x28 .\CortexM3\ARM_GCC_541\Debug\design1.a(SW3.o)
 .debug_ranges  0x00000b70       0x70 .\CortexM3\ARM_GCC_541\Debug\design1.a(isr_1.o)
 .debug_ranges  0x00000be0       0x20 .\CortexM3\ARM_GCC_541\Debug\design1.a(AMUX.o)
 .debug_ranges  0x00000c00       0x70 .\CortexM3\ARM_GCC_541\Debug\design1.a(isr_RX.o)
 .debug_ranges  0x00000c70       0x70 .\CortexM3\ARM_GCC_541\Debug\design1.a(isr_sw3.o)
 .debug_ranges  0x00000ce0       0x70 .\CortexM3\ARM_GCC_541\Debug\design1.a(isr_sw1.o)
 .debug_ranges  0x00000d50       0x70 .\CortexM3\ARM_GCC_541\Debug\design1.a(isr_sw2.o)
 .debug_ranges  0x00000dc0       0x48 .\CortexM3\ARM_GCC_541\Debug\design1.a(VDAC.o)
 .debug_ranges  0x00000e08       0x78 .\CortexM3\ARM_GCC_541\Debug\design1.a(Timer_audio.o)
 .debug_ranges  0x00000e80       0x78 .\CortexM3\ARM_GCC_541\Debug\design1.a(CyFlash.o)
 .debug_ranges  0x00000ef8       0x70 .\CortexM3\ARM_GCC_541\Debug\design1.a(CySpc.o)

.comment        0x00000000       0x6e
 .comment       0x00000000       0x6e .\CortexM3\ARM_GCC_541\Debug\keypad.o
                                 0x6f (size before relaxing)
 .comment       0x0000006e       0x6f .\CortexM3\ARM_GCC_541\Debug\main.o
 .comment       0x0000006e       0x6f .\CortexM3\ARM_GCC_541\Debug\cyfitter_cfg.o
 .comment       0x0000006e       0x6f .\CortexM3\ARM_GCC_541\Debug\cymetadata.o
 .comment       0x0000006e       0x6f .\CortexM3\ARM_GCC_541\Debug\Cm3Start.o
 .comment       0x0000006e       0x6f .\CortexM3\ARM_GCC_541\Debug\design1.a(CyLib.o)
 .comment       0x0000006e       0x6f .\CortexM3\ARM_GCC_541\Debug\design1.a(cyPm.o)
 .comment       0x0000006e       0x6f .\CortexM3\ARM_GCC_541\Debug\design1.a(LED2.o)
 .comment       0x0000006e       0x6f .\CortexM3\ARM_GCC_541\Debug\design1.a(LED1.o)
 .comment       0x0000006e       0x6f .\CortexM3\ARM_GCC_541\Debug\design1.a(LED4.o)
 .comment       0x0000006e       0x6f .\CortexM3\ARM_GCC_541\Debug\design1.a(LCD_Char.o)
 .comment       0x0000006e       0x6f .\CortexM3\ARM_GCC_541\Debug\design1.a(ROW0.o)
 .comment       0x0000006e       0x6f .\CortexM3\ARM_GCC_541\Debug\design1.a(ROW3.o)
 .comment       0x0000006e       0x6f .\CortexM3\ARM_GCC_541\Debug\design1.a(ROW2.o)
 .comment       0x0000006e       0x6f .\CortexM3\ARM_GCC_541\Debug\design1.a(ROW1.o)
 .comment       0x0000006e       0x6f .\CortexM3\ARM_GCC_541\Debug\design1.a(COL3.o)
 .comment       0x0000006e       0x6f .\CortexM3\ARM_GCC_541\Debug\design1.a(COL2.o)
 .comment       0x0000006e       0x6f .\CortexM3\ARM_GCC_541\Debug\design1.a(COL1.o)
 .comment       0x0000006e       0x6f .\CortexM3\ARM_GCC_541\Debug\design1.a(ADC.o)
 .comment       0x0000006e       0x6f .\CortexM3\ARM_GCC_541\Debug\design1.a(ADC_INT.o)
 .comment       0x0000006e       0x6f .\CortexM3\ARM_GCC_541\Debug\design1.a(ADC_AMux.o)
 .comment       0x0000006e       0x6f .\CortexM3\ARM_GCC_541\Debug\design1.a(ADC_Ext_CP_Clk.o)
 .comment       0x0000006e       0x6f .\CortexM3\ARM_GCC_541\Debug\design1.a(ADC_theACLK.o)
 .comment       0x0000006e       0x6f .\CortexM3\ARM_GCC_541\Debug\design1.a(Timer.o)
 .comment       0x0000006e       0x6f .\CortexM3\ARM_GCC_541\Debug\design1.a(LED3.o)
 .comment       0x0000006e       0x6f .\CortexM3\ARM_GCC_541\Debug\design1.a(UART.o)
 .comment       0x0000006e       0x6f .\CortexM3\ARM_GCC_541\Debug\design1.a(UART_IntClock.o)
 .comment       0x0000006e       0x6f .\CortexM3\ARM_GCC_541\Debug\design1.a(JUMP.o)
 .comment       0x0000006e       0x6f .\CortexM3\ARM_GCC_541\Debug\design1.a(DUCK.o)
 .comment       0x0000006e       0x6f .\CortexM3\ARM_GCC_541\Debug\design1.a(SW3.o)
 .comment       0x0000006e       0x6f .\CortexM3\ARM_GCC_541\Debug\design1.a(isr_1.o)
 .comment       0x0000006e       0x6f .\CortexM3\ARM_GCC_541\Debug\design1.a(AMUX.o)
 .comment       0x0000006e       0x6f .\CortexM3\ARM_GCC_541\Debug\design1.a(isr_RX.o)
 .comment       0x0000006e       0x6f .\CortexM3\ARM_GCC_541\Debug\design1.a(isr_sw3.o)
 .comment       0x0000006e       0x6f .\CortexM3\ARM_GCC_541\Debug\design1.a(isr_sw1.o)
 .comment       0x0000006e       0x6f .\CortexM3\ARM_GCC_541\Debug\design1.a(isr_sw2.o)
 .comment       0x0000006e       0x6f .\CortexM3\ARM_GCC_541\Debug\design1.a(VDAC.o)
 .comment       0x0000006e       0x6f .\CortexM3\ARM_GCC_541\Debug\design1.a(Timer_audio.o)
 .comment       0x0000006e       0x6f .\CortexM3\ARM_GCC_541\Debug\design1.a(CyFlash.o)
 .comment       0x0000006e       0x6f .\CortexM3\ARM_GCC_541\Debug\design1.a(CySpc.o)

.debug_weaknames
 *(.debug_weaknames)

.debug_funcnames
 *(.debug_funcnames)

.debug_typenames
 *(.debug_typenames)

.debug_varnames
 *(.debug_varnames)

.note.gnu.arm.ident
 *(.note.gnu.arm.ident)

.ARM.attributes
                0x00000000       0x29
 *(.ARM.attributes)
 .ARM.attributes
                0x00000000       0x1d c:/program files (x86)/cypress/psoc creator/4.4/psoc creator/import/gnu/arm/5.4.1/bin/../lib/gcc/arm-none-eabi/5.4.1/armv7-m/crti.o
 .ARM.attributes
                0x0000001d       0x2d c:/program files (x86)/cypress/psoc creator/4.4/psoc creator/import/gnu/arm/5.4.1/bin/../lib/gcc/arm-none-eabi/5.4.1/armv7-m/crtbegin.o
 .ARM.attributes
                0x0000004a       0x1b c:/program files (x86)/cypress/psoc creator/4.4/psoc creator/import/gnu/arm/5.4.1/bin/../lib/gcc/arm-none-eabi/5.4.1/../../../../arm-none-eabi/lib/armv7-m/crt0.o
 .ARM.attributes
                0x00000065       0x33 .\CortexM3\ARM_GCC_541\Debug\keypad.o
 .ARM.attributes
                0x00000098       0x33 .\CortexM3\ARM_GCC_541\Debug\main.o
 .ARM.attributes
                0x000000cb       0x33 .\CortexM3\ARM_GCC_541\Debug\cyfitter_cfg.o
 .ARM.attributes
                0x000000fe       0x33 .\CortexM3\ARM_GCC_541\Debug\cymetadata.o
 .ARM.attributes
                0x00000131       0x33 .\CortexM3\ARM_GCC_541\Debug\Cm3Start.o
 .ARM.attributes
                0x00000164       0x33 .\CortexM3\ARM_GCC_541\Debug\design1.a(CyLib.o)
 .ARM.attributes
                0x00000197       0x33 .\CortexM3\ARM_GCC_541\Debug\design1.a(cyPm.o)
 .ARM.attributes
                0x000001ca       0x33 .\CortexM3\ARM_GCC_541\Debug\design1.a(LED2.o)
 .ARM.attributes
                0x000001fd       0x33 .\CortexM3\ARM_GCC_541\Debug\design1.a(LED1.o)
 .ARM.attributes
                0x00000230       0x33 .\CortexM3\ARM_GCC_541\Debug\design1.a(LED4.o)
 .ARM.attributes
                0x00000263       0x33 .\CortexM3\ARM_GCC_541\Debug\design1.a(LCD_Char.o)
 .ARM.attributes
                0x00000296       0x33 .\CortexM3\ARM_GCC_541\Debug\design1.a(ROW0.o)
 .ARM.attributes
                0x000002c9       0x33 .\CortexM3\ARM_GCC_541\Debug\design1.a(ROW3.o)
 .ARM.attributes
                0x000002fc       0x33 .\CortexM3\ARM_GCC_541\Debug\design1.a(ROW2.o)
 .ARM.attributes
                0x0000032f       0x33 .\CortexM3\ARM_GCC_541\Debug\design1.a(ROW1.o)
 .ARM.attributes
                0x00000362       0x33 .\CortexM3\ARM_GCC_541\Debug\design1.a(COL3.o)
 .ARM.attributes
                0x00000395       0x33 .\CortexM3\ARM_GCC_541\Debug\design1.a(COL2.o)
 .ARM.attributes
                0x000003c8       0x33 .\CortexM3\ARM_GCC_541\Debug\design1.a(COL1.o)
 .ARM.attributes
                0x000003fb       0x33 .\CortexM3\ARM_GCC_541\Debug\design1.a(ADC.o)
 .ARM.attributes
                0x0000042e       0x33 .\CortexM3\ARM_GCC_541\Debug\design1.a(ADC_INT.o)
 .ARM.attributes
                0x00000461       0x33 .\CortexM3\ARM_GCC_541\Debug\design1.a(ADC_AMux.o)
 .ARM.attributes
                0x00000494       0x33 .\CortexM3\ARM_GCC_541\Debug\design1.a(ADC_Ext_CP_Clk.o)
 .ARM.attributes
                0x000004c7       0x33 .\CortexM3\ARM_GCC_541\Debug\design1.a(ADC_theACLK.o)
 .ARM.attributes
                0x000004fa       0x33 .\CortexM3\ARM_GCC_541\Debug\design1.a(Timer.o)
 .ARM.attributes
                0x0000052d       0x33 .\CortexM3\ARM_GCC_541\Debug\design1.a(LED3.o)
 .ARM.attributes
                0x00000560       0x33 .\CortexM3\ARM_GCC_541\Debug\design1.a(UART.o)
 .ARM.attributes
                0x00000593       0x33 .\CortexM3\ARM_GCC_541\Debug\design1.a(UART_IntClock.o)
 .ARM.attributes
                0x000005c6       0x33 .\CortexM3\ARM_GCC_541\Debug\design1.a(JUMP.o)